Archive member included to satisfy reference by file (symbol)

/opt/devkitpro/wups/lib/libwups.a(button_combo.o)
                              main.o (WUPSButtonComboAPI_InitInternal)
/opt/devkitpro/wups/lib/libwups.a(config_api.o)
                              main.o (WUPSConfigAPI_InitLibrary_Internal)
/opt/devkitpro/wups/lib/libwups.a(main.o)
                              (__wups_start)
/opt/devkitpro/wups/lib/libwups.a(storage.o)
                              main.o (WUPSStorageAPI_InitInternal)
/opt/devkitpro/wups/lib/libwups.a(storageCPP.o)
                              main.o (_ZN14WUPSStorageAPI11SaveStorageEb)
/opt/devkitpro/wups/lib/libwups.a(wups_reent.o)
                              main.o (WUPSReentAPI_InitInternal)
/opt/devkitpro/wut/lib/libwut.a(coreinit.o)
                              main.o (OSCreateThread)
/opt/devkitpro/wut/lib/libwut.a(wut_newlib.o)
                              main.o (__init_wut_newlib)
/opt/devkitpro/wut/lib/libwut.a(wut_reent.o)
                              /opt/devkitpro/wut/lib/libwut.a(wut_newlib.o) (__wut_getreent)
/opt/devkitpro/wut/lib/libwut.a(wut_sbrk.o)
                              /opt/devkitpro/wut/lib/libwut.a(wut_newlib.o) (__wut_sbrk_r)
/opt/devkitpro/wut/lib/libwut.a(wut_thread.o)
                              main.o (__init_wut_thread)
/opt/devkitpro/wut/lib/libwut.a(wut_thread_specific.o)
                              /opt/devkitpro/wut/lib/libwut.a(wut_reent.o) (wut_set_thread_specific)
/opt/devkitpro/wut/lib/libwut.a(wut_malloc.o)
                              main.o (__init_wut_malloc)
/opt/devkitpro/wut/lib/libwut.a(devoptab_fsa.o)
                              main.o (__init_wut_devoptab)
/opt/devkitpro/wut/lib/libwut.a(devoptab_fsa_dirclose.o)
                              /opt/devkitpro/wut/lib/libwut.a(devoptab_fsa.o) (__wut_fsa_dirclose)
/opt/devkitpro/wut/lib/libwut.a(devoptab_fsa_dirnext.o)
                              /opt/devkitpro/wut/lib/libwut.a(devoptab_fsa.o) (__wut_fsa_dirnext)
/opt/devkitpro/wut/lib/libwut.a(devoptab_fsa_diropen.o)
                              /opt/devkitpro/wut/lib/libwut.a(devoptab_fsa.o) (__wut_fsa_diropen)
/opt/devkitpro/wut/lib/libwut.a(devoptab_fsa_dirreset.o)
                              /opt/devkitpro/wut/lib/libwut.a(devoptab_fsa.o) (__wut_fsa_dirreset)
/opt/devkitpro/wut/lib/libwut.a(devoptab_fsa_fstat.o)
                              /opt/devkitpro/wut/lib/libwut.a(devoptab_fsa.o) (__wut_fsa_fstat)
/opt/devkitpro/wut/lib/libwut.a(devoptab_fsa_fsync.o)
                              /opt/devkitpro/wut/lib/libwut.a(devoptab_fsa.o) (__wut_fsa_fsync)
/opt/devkitpro/wut/lib/libwut.a(devoptab_fsa_mkdir.o)
                              /opt/devkitpro/wut/lib/libwut.a(devoptab_fsa.o) (__wut_fsa_mkdir)
/opt/devkitpro/wut/lib/libwut.a(devoptab_fsa_open.o)
                              /opt/devkitpro/wut/lib/libwut.a(devoptab_fsa.o) (__wut_fsa_open)
/opt/devkitpro/wut/lib/libwut.a(devoptab_fsa_read.o)
                              /opt/devkitpro/wut/lib/libwut.a(devoptab_fsa.o) (__wut_fsa_read)
/opt/devkitpro/wut/lib/libwut.a(devoptab_fsa_rename.o)
                              /opt/devkitpro/wut/lib/libwut.a(devoptab_fsa.o) (__wut_fsa_rename)
/opt/devkitpro/wut/lib/libwut.a(devoptab_fsa_rmdir.o)
                              /opt/devkitpro/wut/lib/libwut.a(devoptab_fsa.o) (__wut_fsa_rmdir)
/opt/devkitpro/wut/lib/libwut.a(devoptab_fsa_seek.o)
                              /opt/devkitpro/wut/lib/libwut.a(devoptab_fsa.o) (__wut_fsa_seek)
/opt/devkitpro/wut/lib/libwut.a(devoptab_fsa_stat.o)
                              /opt/devkitpro/wut/lib/libwut.a(devoptab_fsa.o) (__wut_fsa_stat)
/opt/devkitpro/wut/lib/libwut.a(devoptab_fsa_statvfs.o)
                              /opt/devkitpro/wut/lib/libwut.a(devoptab_fsa.o) (__wut_fsa_statvfs)
/opt/devkitpro/wut/lib/libwut.a(devoptab_fsa_truncate.o)
                              /opt/devkitpro/wut/lib/libwut.a(devoptab_fsa.o) (__wut_fsa_ftruncate)
/opt/devkitpro/wut/lib/libwut.a(devoptab_fsa_unlink.o)
                              /opt/devkitpro/wut/lib/libwut.a(devoptab_fsa.o) (__wut_fsa_unlink)
/opt/devkitpro/wut/lib/libwut.a(devoptab_fsa_utils.o)
                              /opt/devkitpro/wut/lib/libwut.a(devoptab_fsa_dirnext.o) (__wut_fsa_hashstring)
/opt/devkitpro/wut/lib/libwut.a(devoptab_fsa_write.o)
                              /opt/devkitpro/wut/lib/libwut.a(devoptab_fsa.o) (__wut_fsa_write)
/opt/devkitpro/wut/lib/libwut.a(wut_crt.o)
                              /opt/devkitpro/wut/lib/libwut.a(wut_newlib.o) (__fini_wut)
/opt/devkitpro/wut/lib/libwut.a(wut_clock.o)
                              /opt/devkitpro/wut/lib/libwut.a(wut_newlib.o) (__wut_clock_gettime)
/opt/devkitpro/wut/lib/libwut.a(wut_gettod_r.o)
                              /opt/devkitpro/wut/lib/libwut.a(wut_newlib.o) (__wut_gettod_r)
/opt/devkitpro/wut/lib/libwut.a(wut_nanosleep.o)
                              /opt/devkitpro/wut/lib/libwut.a(wut_newlib.o) (__wut_nanosleep)
[...]
Memory Configuration

Name             Origin             Length             Attributes
codemem          0x02000000         0x0e000000         xrw
datamem          0x10000000         0x32000000         rw
loadmem          0xc0000000         0x08000000         xrw
*default*        0x00000000         0xffffffff

Linker script and memory map

                0x02000000                        . = ORIGIN (codemem)

.syscall
 *(.syscall .syscall.*)

.text           0x02000000    0x19df0
 *(.crt0)
 *(SORT_NONE(.init))
 .init          0x02000000        0xc /opt/devkitpro/devkitPPC/lib/gcc/powerpc-eabi/15.2.0/ecrti.o
                0x02000000                __init
 .init          0x0200000c        0x4 /opt/devkitpro/devkitPPC/lib/gcc/powerpc-eabi/15.2.0/crtbegin.o
 .init          0x02000010        0x4 /opt/devkitpro/devkitPPC/lib/gcc/powerpc-eabi/15.2.0/crtend.o
 .init          0x02000014       0x10 /opt/devkitpro/devkitPPC/lib/gcc/powerpc-eabi/15.2.0/ecrtn.o
 *(.text.unlikely .text.*_unlikely .text.unlikely.*)
 .text.unlikely.abort
                0x02000024       0xb4 /opt/devkitpro/wups/lib/libwups.a(main.o)
                                 0xa4 (size before relaxing)
                0x02000024                abort
 .text.unlikely._ZN9__gnu_cxx30__throw_concurrence_lock_errorEv
                0x020000d8       0x34 /opt/devkitpro/devkitPPC/lib/gcc/powerpc-eabi/15.2.0/../../../../powerpc-eabi/lib/libstdc++.a(eh_alloc.o)
                0x020000d8                _ZN9__gnu_cxx30__throw_concurrence_lock_errorEv
 .text.unlikely._ZN9__gnu_cxx32__throw_concurrence_unlock_errorEv
                0x0200010c       0x34 /opt/devkitpro/devkitPPC/lib/gcc/powerpc-eabi/15.2.0/../../../../powerpc-eabi/lib/libstdc++.a(eh_alloc.o)
                0x0200010c                _ZN9__gnu_cxx32__throw_concurrence_unlock_errorEv
 .text.unlikely._ZSt9terminatev
                0x02000140       0x24 /opt/devkitpro/devkitPPC/lib/gcc/powerpc-eabi/15.2.0/../../../../powerpc-eabi/lib/libstdc++.a(eh_terminate.o)
                0x02000140                _ZSt9terminatev
 .text.unlikely._ZSt10unexpectedv
                0x02000164       0x24 /opt/devkitpro/devkitPPC/lib/gcc/powerpc-eabi/15.2.0/../../../../powerpc-eabi/lib/libstdc++.a(eh_terminate.o)
                0x02000164                _ZSt10unexpectedv
 .text.unlikely._ZN9__gnu_cxx35__throw_concurrence_broadcast_errorEv
                0x02000188       0x34 /opt/devkitpro/devkitPPC/lib/gcc/powerpc-eabi/15.2.0/../../../../powerpc-eabi/lib/libstdc++.a(guard.o)
                0x02000188                _ZN9__gnu_cxx35__throw_concurrence_broadcast_errorEv
 .text.unlikely._ZSt19__throw_logic_errorPKc
                0x020001bc       0x58 /opt/devkitpro/devkitPPC/lib/gcc/powerpc-eabi/15.2.0/../../../../powerpc-eabi/lib/libstdc++.a(functexcept.o)
                0x020001bc                _ZSt19__throw_logic_errorPKc
 .text.unlikely._ZSt20__throw_length_errorPKc
                0x02000214       0x58 /opt/devkitpro/devkitPPC/lib/gcc/powerpc-eabi/15.2.0/../../../../powerpc-eabi/lib/libstdc++.a(functexcept.o)
                0x02000214                _ZSt20__throw_length_errorPKc
 .text.unlikely.__cxa_call_terminate
                0x0200026c       0x58 /opt/devkitpro/devkitPPC/lib/gcc/powerpc-eabi/15.2.0/../../../../powerpc-eabi/lib/libstdc++.a(eh_call.o)
                0x0200026c                __cxa_call_terminate
 *(.text.exit .text.exit.*)
 .text.exit._GLOBAL__sub_D__ZN9__gnu_cxx9__freeresEv
                0x020002c4       0x14 /opt/devkitpro/devkitPPC/lib/gcc/powerpc-eabi/15.2.0/../../../../powerpc-eabi/lib/libstdc++.a(eh_alloc.o)
 .text.exit._GLOBAL__sub_D__ZN17__eh_globals_init7_S_initE
                0x020002d8       0x40 /opt/devkitpro/devkitPPC/lib/gcc/powerpc-eabi/15.2.0/../../../../powerpc-eabi/lib/libstdc++.a(eh_globals.o)
 *(.text.startup .text.startup.*)
 .text.startup._GLOBAL__sub_I__ZN9__gnu_cxx9__freeresEv
                0x02000318      0x258 /opt/devkitpro/devkitPPC/lib/gcc/powerpc-eabi/15.2.0/../../../../powerpc-eabi/lib/libstdc++.a(eh_alloc.o)
 .text.startup._GLOBAL__sub_I__ZN17__eh_globals_init7_S_initE
                0x02000570       0x40 /opt/devkitpro/devkitPPC/lib/gcc/powerpc-eabi/15.2.0/../../../../powerpc-eabi/lib/libstdc++.a(eh_globals.o)
 .text.startup.register_fini
                0x020005b0        0xc /opt/devkitpro/devkitPPC/lib/gcc/powerpc-eabi/15.2.0/../../../../powerpc-eabi/lib/libc.a(libc_a-__call_atexit.o)
 *(.text.hot .text.hot.*)
 *(SORT_BY_NAME(.text.sorted.*))
 *(.text .stub .text.* .gnu.linkonce.t.*)
 .text.__do_global_dtors_aux
                0x020005bc       0xcc /opt/devkitpro/devkitPPC/lib/gcc/powerpc-eabi/15.2.0/crtbegin.o
 .text.frame_dummy
                0x02000688       0x24 /opt/devkitpro/devkitPPC/lib/gcc/powerpc-eabi/15.2.0/crtbegin.o
 .text._Z18on_init_wut_stdcppv
                0x020006ac        0x4 main.o
                0x020006ac                _Z18on_init_wut_stdcppv
 .text._ZL35ClientAction_getCurrentValueDisplayPvPci
                0x020006b0       0x18 main.o
 .text._Z18on_init_wut_mallocv
                0x020006c8        0x4 main.o
                0x020006c8                _Z18on_init_wut_mallocv
 .text._Z18on_fini_wut_mallocv
                0x020006cc        0x4 main.o
                0x020006cc                _Z18on_fini_wut_mallocv
 .text._Z19on_init_wut_socketsv
                0x020006d0       0x14 main.o
                0x020006d0                _Z19on_init_wut_socketsv
 .text._Z19on_fini_wut_socketsv
                0x020006e4       0x14 main.o
                0x020006e4                _Z19on_fini_wut_socketsv
 .text._Z18on_init_wut_newlibv
                0x020006f8        0x4 main.o
                0x020006f8                _Z18on_init_wut_newlibv
 .text._Z18on_fini_wut_newlibv
                0x020006fc        0x4 main.o
                0x020006fc                _Z18on_fini_wut_newlibv
 .text._Z18on_init_wut_threadv
                0x02000700        0x4 main.o
                0x02000700                _Z18on_init_wut_threadv
 .text._Z14__init_wrapperv
                0x02000704       0x50 main.o
                                 0x40 (size before relaxing)
                0x02000704                _Z14__init_wrapperv
 .text._Z14__fini_wrapperv
                0x02000754        0x4 main.o
                0x02000754                _Z14__fini_wrapperv
 .text._Z26wups_init_config_functions30wups_loader_init_config_args_t
                0x02000758       0x38 main.o
                0x02000758                _Z26wups_init_config_functions30wups_loader_init_config_args_t
 .text._Z32wups_init_button_combo_functions37wups_loader_init_button_combo_args_t_
                0x02000790       0x34 main.o
                0x02000790                _Z32wups_init_button_combo_functions37wups_loader_init_button_combo_args_t_
 .text._Z25wups_init_reent_functions30wups_loader_init_reent_args_t_
                0x020007c4       0x40 main.o
                0x020007c4                _Z25wups_init_reent_functions30wups_loader_init_reent_args_t_
 .text._Z12init_storage32wups_loader_init_storage_args_t_
                0x02000804       0x34 main.o
                0x02000804                _Z12init_storage32wups_loader_init_storage_args_t_
 .text._Z20on_init_wut_devoptabv
                0x02000838        0x4 main.o
                0x02000838                _Z20on_init_wut_devoptabv
 .text._Z20on_fini_wut_devoptabv
                0x0200083c        0x4 main.o
                0x0200083c                _Z20on_fini_wut_devoptabv
 .text._ZL43ClientAction_getCurrentValueSelectedDisplayPvPci
                0x02000840       0x38 main.o
 .text._Z24ConfigMenuClosedCallbackv
                0x02000878        0x8 main.o
                0x02000878                _Z24ConfigMenuClosedCallbackv
 .text._ZL20ClientAction_onInputPv23WUPSConfigSimplePadData
                0x02000880       0x94 main.o
                                 0x74 (size before relaxing)
 .text._Z18on_fini_wut_stdcppv
                0x02000914        0x4 main.o
                0x02000914                _Z18on_fini_wut_stdcppv
 .text.__tcf_ZZL18GetDetectedClientsvE8instance
                0x02000918       0xd8 main.o
 .text._ZL21ClientAction_onDeletePv
                0x020009f0       0x68 main.o
 .text._Z8CopyFileRKNSt7__cxx1112basic_stringIcSt11char_traitsIcESaIcEEES6_
                0x02000a58      0x1c4 main.o
                0x02000a58                _Z8CopyFileRKNSt7__cxx1112basic_stringIcSt11char_traitsIcESaIcEEES6_
 .text._Z19ClientAction_CreatePKcS0_RKNSt7__cxx1112basic_stringIcSt11char_traitsIcESaIcEEEP20WUPSConfigItemHandle
                0x02000c1c      0x218 main.o
                0x02000c1c                _Z19ClientAction_CreatePKcS0_RKNSt7__cxx1112basic_stringIcSt11char_traitsIcESaIcEEEP20WUPSConfigItemHandle
 .text._ZNSt7__cxx1112basic_stringIcSt11char_traitsIcESaIcEE10_M_disposeEv
                0x02000e34       0x20 main.o
                0x02000e34                _ZNSt7__cxx1112basic_stringIcSt11char_traitsIcESaIcEE10_M_disposeEv
 .text._Z24ConfigMenuOpenedCallback24WUPSConfigCategoryHandle
                0x02000e54      0x1d8 main.o
                0x02000e54                _Z24ConfigMenuOpenedCallback24WUPSConfigCategoryHandle
 .text._ZNSt7__cxx1112basic_stringIcSt11char_traitsIcESaIcEE6appendEPKcj
                0x0200102c      0x3e8 main.o
                0x0200102c                _ZNSt7__cxx1112basic_stringIcSt11char_traitsIcESaIcEE6appendEPKcj
 .text._ZNSt7__cxx1112basic_stringIcSt11char_traitsIcESaIcEE9_M_appendEPKcj
                0x02001414      0x3bc main.o
                0x02001414                _ZNSt7__cxx1112basic_stringIcSt11char_traitsIcESaIcEE9_M_appendEPKcj
 .text._Z18WipeAllClientFilesv
                0x020017d0      0x5a0 main.o
                0x020017d0                _Z18WipeAllClientFilesv
 .text._Z11ScanClientsv
                0x02001d70      0xa54 main.o
                0x02001d70                _Z11ScanClientsv
 .text._Z11init_pluginv
                0x020027c4       0x44 main.o
                0x020027c4                _Z11init_pluginv
 .text._Z13InstallClientRKNSt7__cxx1112basic_stringIcSt11char_traitsIcESaIcEEE
                0x02002808      0x6dc main.o
                0x02002808                _Z13InstallClientRKNSt7__cxx1112basic_stringIcSt11char_traitsIcESaIcEEE
 .text._ZL16WorkerThreadProciPPKc
                0x02002ee4      0x154 main.o
                                0x124 (size before relaxing)
 .text.WUPSButtonComboAPI_InitInternal
                0x02003038       0xc4 /opt/devkitpro/wups/lib/libwups.a(button_combo.o)
                0x02003038                WUPSButtonComboAPI_InitInternal
 .text.WUPSConfigAPI_GetVersion
                0x020030fc       0xd4 /opt/devkitpro/wups/lib/libwups.a(config_api.o)
                                 0xb4 (size before relaxing)
                0x020030fc                WUPSConfigAPI_GetVersion
 .text.WUPSConfigAPI_InitLibrary_Internal
                0x020031d0      0x240 /opt/devkitpro/wups/lib/libwups.a(config_api.o)
                                0x220 (size before relaxing)
                0x020031d0                WUPSConfigAPI_InitLibrary_Internal
 .text.WUPSConfigAPI_Init
                0x02003410       0xac /opt/devkitpro/wups/lib/libwups.a(config_api.o)
                0x02003410                WUPSConfigAPI_Init
 .text.WUPSConfigAPI_Category_AddItem
                0x020034bc       0x8c /opt/devkitpro/wups/lib/libwups.a(config_api.o)
                0x020034bc                WUPSConfigAPI_Category_AddItem
 .text.WUPSConfigAPI_Item_CreateEx
                0x02003548       0x9c /opt/devkitpro/wups/lib/libwups.a(config_api.o)
                0x02003548                WUPSConfigAPI_Item_CreateEx
 .text.__wups_start
                0x020035e4       0x1c /opt/devkitpro/wups/lib/libwups.a(main.o)
                                  0xc (size before relaxing)
                0x020035e4                __wups_start
 .text.__init_wut_socket
                0x02003600       0x60 /opt/devkitpro/wups/lib/libwups.a(main.o)
                0x02003600                __init_wut_socket
 .text.__fini_wut_socket
                0x02003660       0x5c /opt/devkitpro/wups/lib/libwups.a(main.o)
                0x02003660                __fini_wut_socket
 .text.__getreent
                0x020036bc        0x4 /opt/devkitpro/wups/lib/libwups.a(main.o)
                0x020036bc                __getreent
 .text.wut_get_thread_specific
                0x020036c0       0x7c /opt/devkitpro/wups/lib/libwups.a(main.o)
                                 0x5c (size before relaxing)
                0x020036c0                wut_get_thread_specific
 .text.__assert_func
                0x0200373c      0x144 /opt/devkitpro/wups/lib/libwups.a(main.o)
                                0x134 (size before relaxing)
                0x0200373c                __assert_func
 .text.WUPSStorageAPI_InitInternal
                0x02003880       0xa4 /opt/devkitpro/wups/lib/libwups.a(storage.o)
                0x02003880                WUPSStorageAPI_InitInternal
 .text.WUPSStorageAPI_SaveStorage
                0x02003924       0x34 /opt/devkitpro/wups/lib/libwups.a(storage.o)
                0x02003924                WUPSStorageAPI_SaveStorage
 .text._ZN14WUPSStorageAPI11SaveStorageEb
                0x02003958        0x4 /opt/devkitpro/wups/lib/libwups.a(storageCPP.o)
                0x02003958                _ZN14WUPSStorageAPI11SaveStorageEb
 .text._ZL24reclaim_reent_trampolinePv
                0x0200395c       0x4c /opt/devkitpro/wups/lib/libwups.a(wups_reent.o)
 .text.WUPSReentAPI_InitInternal
                0x020039a8       0x44 /opt/devkitpro/wups/lib/libwups.a(wups_reent.o)
                                 0x34 (size before relaxing)
                0x020039a8                WUPSReentAPI_InitInternal
 .text._Z15__wups_getreentv
                0x020039ec      0x1c4 /opt/devkitpro/wups/lib/libwups.a(wups_reent.o)
                                0x1a4 (size before relaxing)
                0x020039ec                _Z15__wups_getreentv
 .text.__init_wut_newlib
                0x02003bb0       0x14 /opt/devkitpro/wut/lib/libwut.a(wut_newlib.o)
                0x02003bb0                __init_wut_newlib
 .text.__fini_wut_newlib
                0x02003bc4        0x4 /opt/devkitpro/wut/lib/libwut.a(wut_newlib.o)
                0x02003bc4                __fini_wut_newlib
 .text.__fini_wut_sbrk_heap
                0x02003bc8       0x88 /opt/devkitpro/wut/lib/libwut.a(wut_sbrk.o)
                                 0x78 (size before relaxing)
                0x02003bc8                __fini_wut_sbrk_heap
 .text.__wut_cond_alarmcb
                0x02003c50       0x4c /opt/devkitpro/wut/lib/libwut.a(wut_thread.o)
                                 0x2c (size before relaxing)
 .text.__init_wut_thread
                0x02003c9c       0x40 /opt/devkitpro/wut/lib/libwut.a(wut_thread.o)
                                 0x30 (size before relaxing)
                0x02003c9c                __init_wut_thread
 .text.__syscall_lock_acquire
                0x02003cdc       0xec /opt/devkitpro/wut/lib/libwut.a(wut_thread.o)
                                 0xac (size before relaxing)
                0x02003cdc                __syscall_lock_acquire
 .text.__syscall_lock_release
                0x02003dc8       0xec /opt/devkitpro/wut/lib/libwut.a(wut_thread.o)
                                 0xac (size before relaxing)
                0x02003dc8                __syscall_lock_release
 .text.__syscall_lock_acquire_recursive
                0x02003eb4       0xec /opt/devkitpro/wut/lib/libwut.a(wut_thread.o)
                                 0xac (size before relaxing)
                0x02003eb4                __syscall_lock_acquire_recursive
 .text.__syscall_lock_release_recursive
                0x02003fa0       0xec /opt/devkitpro/wut/lib/libwut.a(wut_thread.o)
                                 0xac (size before relaxing)
                0x02003fa0                __syscall_lock_release_recursive
 .text.__syscall_cond_broadcast
                0x0200408c      0x104 /opt/devkitpro/wut/lib/libwut.a(wut_thread.o)
                                 0xc4 (size before relaxing)
                0x0200408c                __syscall_cond_broadcast
 .text.__syscall_cond_wait
                0x02004190      0x36c /opt/devkitpro/wut/lib/libwut.a(wut_thread.o)
                                0x2cc (size before relaxing)
                0x02004190                __syscall_cond_wait
 .text.__syscall_cond_wait_recursive
                0x020044fc        0x4 /opt/devkitpro/wut/lib/libwut.a(wut_thread.o)
                0x020044fc                __syscall_cond_wait_recursive
 .text.__init_wut_malloc
                0x02004500        0x4 /opt/devkitpro/wut/lib/libwut.a(wut_malloc.o)
                0x02004500                __init_wut_malloc
 .text.__fini_wut_malloc
                0x02004504        0x4 /opt/devkitpro/wut/lib/libwut.a(wut_malloc.o)
                0x02004504                __fini_wut_malloc
 .text._malloc_r
                0x02004508       0x6c /opt/devkitpro/wut/lib/libwut.a(wut_malloc.o)
                0x02004508                _malloc_r
 .text._free_r  0x02004574       0x18 /opt/devkitpro/wut/lib/libwut.a(wut_malloc.o)
                0x02004574                _free_r
 .text._realloc_r
                0x0200458c       0xf0 /opt/devkitpro/wut/lib/libwut.a(wut_malloc.o)
                                 0xe0 (size before relaxing)
                0x0200458c                _realloc_r
 .text._calloc_r
                0x0200467c       0x9c /opt/devkitpro/wut/lib/libwut.a(wut_malloc.o)
                0x0200467c                _calloc_r
 .text._memalign_r
                0x02004718       0x70 /opt/devkitpro/wut/lib/libwut.a(wut_malloc.o)
                0x02004718                _memalign_r
 .text.__init_wut_devoptab
                0x02004788      0x20c /opt/devkitpro/wut/lib/libwut.a(devoptab_fsa.o)
                                0x1bc (size before relaxing)
                0x02004788                __init_wut_devoptab
 .text.__fini_wut_devoptab
                0x02004994       0xac /opt/devkitpro/wut/lib/libwut.a(devoptab_fsa.o)
                                 0x8c (size before relaxing)
                0x02004994                __fini_wut_devoptab
 .text.__wut_fsa_dirclose
                0x02004a40       0xd0 /opt/devkitpro/wut/lib/libwut.a(devoptab_fsa_dirclose.o)
                                 0xa0 (size before relaxing)
                0x02004a40                __wut_fsa_dirclose
 .text.__wut_fsa_dirnext
                0x02004b10      0x1dc /opt/devkitpro/wut/lib/libwut.a(devoptab_fsa_dirnext.o)
                                0x1ac (size before relaxing)
                0x02004b10                __wut_fsa_dirnext
 .text.__wut_fsa_diropen
                0x02004cec      0x1bc /opt/devkitpro/wut/lib/libwut.a(devoptab_fsa_diropen.o)
                                0x17c (size before relaxing)
                0x02004cec                __wut_fsa_diropen
 .text.__wut_fsa_dirreset
                0x02004ea8       0xd0 /opt/devkitpro/wut/lib/libwut.a(devoptab_fsa_dirreset.o)
                                 0xa0 (size before relaxing)
                0x02004ea8                __wut_fsa_dirreset
 .text.__wut_fsa_fstat
                0x02004f78      0x104 /opt/devkitpro/wut/lib/libwut.a(devoptab_fsa_fstat.o)
                                 0xd4 (size before relaxing)
                0x02004f78                __wut_fsa_fstat
 .text.__wut_fsa_fsync
                0x0200507c       0xcc /opt/devkitpro/wut/lib/libwut.a(devoptab_fsa_fsync.o)
                                 0x9c (size before relaxing)
                0x0200507c                __wut_fsa_fsync
 .text.__wut_fsa_mkdir
                0x02005148       0xf0 /opt/devkitpro/wut/lib/libwut.a(devoptab_fsa_mkdir.o)
                                 0xe0 (size before relaxing)
                0x02005148                __wut_fsa_mkdir
 .text.__wut_fsa_open
                0x02005238      0x53c /opt/devkitpro/wut/lib/libwut.a(devoptab_fsa_open.o)
                                0x4cc (size before relaxing)
                0x02005238                __wut_fsa_open
 .text.__wut_fsa_read
                0x02005774      0x1ec /opt/devkitpro/wut/lib/libwut.a(devoptab_fsa_read.o)
                                0x1bc (size before relaxing)
                0x02005774                __wut_fsa_read
 .text.__wut_fsa_rename
                0x02005960      0x124 /opt/devkitpro/wut/lib/libwut.a(devoptab_fsa_rename.o)
                                0x114 (size before relaxing)
                0x02005960                __wut_fsa_rename
 .text.__wut_fsa_rmdir
                0x02005a84       0xd4 /opt/devkitpro/wut/lib/libwut.a(devoptab_fsa_rmdir.o)
                                 0xc4 (size before relaxing)
                0x02005a84                __wut_fsa_rmdir
 .text.__wut_fsa_seek
                0x02005b58      0x1c8 /opt/devkitpro/wut/lib/libwut.a(devoptab_fsa_seek.o)
                                0x188 (size before relaxing)
                0x02005b58                __wut_fsa_seek
 .text.__wut_fsa_stat
                0x02005d20      0x128 /opt/devkitpro/wut/lib/libwut.a(devoptab_fsa_stat.o)
                                0x118 (size before relaxing)
                0x02005d20                __wut_fsa_stat
 .text.__wut_fsa_statvfs
                0x02005e48      0x178 /opt/devkitpro/wut/lib/libwut.a(devoptab_fsa_statvfs.o)
                                0x168 (size before relaxing)
                0x02005e48                __wut_fsa_statvfs
 .text.__wut_fsa_ftruncate
                0x02005fc0      0x108 /opt/devkitpro/wut/lib/libwut.a(devoptab_fsa_truncate.o)
                                 0xc8 (size before relaxing)
                0x02005fc0                __wut_fsa_ftruncate
 .text.__wut_fsa_unlink
                0x020060c8       0xd4 /opt/devkitpro/wut/lib/libwut.a(devoptab_fsa_unlink.o)
                                 0xc4 (size before relaxing)
                0x020060c8                __wut_fsa_unlink
 .text.__wut_fsa_hashstring
                0x0200619c       0x40 /opt/devkitpro/wut/lib/libwut.a(devoptab_fsa_utils.o)
                0x0200619c                __wut_fsa_hashstring
 .text.__wut_fsa_fixpath
                0x020061dc      0x368 /opt/devkitpro/wut/lib/libwut.a(devoptab_fsa_utils.o)
                0x020061dc                __wut_fsa_fixpath
 .text.__wut_fsa_translate_stat_mode
                0x02006544       0x7c /opt/devkitpro/wut/lib/libwut.a(devoptab_fsa_utils.o)
                0x02006544                __wut_fsa_translate_stat_mode
 .text.__wut_fsa_translate_stat
                0x020065c0      0x144 /opt/devkitpro/wut/lib/libwut.a(devoptab_fsa_utils.o)
                0x020065c0                __wut_fsa_translate_stat
 .text.__wut_fsa_translate_error
                0x02006704       0x28 /opt/devkitpro/wut/lib/libwut.a(devoptab_fsa_utils.o)
                0x02006704                __wut_fsa_translate_error
 .text.__wut_fsa_write
                0x0200672c      0x204 /opt/devkitpro/wut/lib/libwut.a(devoptab_fsa_write.o)
                                0x1d4 (size before relaxing)
                0x0200672c                __wut_fsa_write
 .text.__wut_fsa_chdir
                0x02006930      0x12c /opt/devkitpro/wut/lib/libwut.a(devoptab_fsa_chdir.o)
                                0x11c (size before relaxing)
                0x02006930                __wut_fsa_chdir
 .text.__wut_fsa_chmod
                0x02006a5c       0xf0 /opt/devkitpro/wut/lib/libwut.a(devoptab_fsa_chmod.o)
                                 0xe0 (size before relaxing)
                0x02006a5c                __wut_fsa_chmod
 .text.__wut_fsa_close
                0x02006b4c       0xcc /opt/devkitpro/wut/lib/libwut.a(devoptab_fsa_close.o)
                                 0x9c (size before relaxing)
                0x02006b4c                __wut_fsa_close
 .text._ZNK10__cxxabiv117__class_type_info11__do_upcastEPKS0_PPv
                0x02006c18       0x7c /opt/devkitpro/devkitPPC/lib/gcc/powerpc-eabi/15.2.0/../../../../powerpc-eabi/lib/libstdc++.a(class_type_info.o)
                0x02006c18                _ZNK10__cxxabiv117__class_type_info11__do_upcastEPKS0_PPv
 .text._ZNK10__cxxabiv117__class_type_info20__do_find_public_srcEiPKvPKS0_S2_
                0x02006c94       0x18 /opt/devkitpro/devkitPPC/lib/gcc/powerpc-eabi/15.2.0/../../../../powerpc-eabi/lib/libstdc++.a(class_type_info.o)
                0x02006c94                _ZNK10__cxxabiv117__class_type_info20__do_find_public_srcEiPKvPKS0_S2_
 .text._ZN10__cxxabiv117__class_type_infoD2Ev
                0x02006cac       0x10 /opt/devkitpro/devkitPPC/lib/gcc/powerpc-eabi/15.2.0/../../../../powerpc-eabi/lib/libstdc++.a(class_type_info.o)
                0x02006cac                _ZN10__cxxabiv117__class_type_infoD1Ev
                0x02006cac                _ZN10__cxxabiv117__class_type_infoD2Ev
 .text._ZN10__cxxabiv117__class_type_infoD0Ev
                0x02006cbc       0x40 /opt/devkitpro/devkitPPC/lib/gcc/powerpc-eabi/15.2.0/../../../../powerpc-eabi/lib/libstdc++.a(class_type_info.o)
                0x02006cbc                _ZN10__cxxabiv117__class_type_infoD0Ev
 .text._ZNK10__cxxabiv117__class_type_info11__do_upcastEPKS0_PKvRNS0_15__upcast_resultE
                0x02006cfc       0x90 /opt/devkitpro/devkitPPC/lib/gcc/powerpc-eabi/15.2.0/../../../../powerpc-eabi/lib/libstdc++.a(class_type_info.o)
                0x02006cfc                _ZNK10__cxxabiv117__class_type_info11__do_upcastEPKS0_PKvRNS0_15__upcast_resultE
 .text._ZNK10__cxxabiv117__class_type_info10__do_catchEPKSt9type_infoPPvj
                0x02006d8c      0x100 /opt/devkitpro/devkitPPC/lib/gcc/powerpc-eabi/15.2.0/../../../../powerpc-eabi/lib/libstdc++.a(class_type_info.o)
                0x02006d8c                _ZNK10__cxxabiv117__class_type_info10__do_catchEPKSt9type_infoPPvj
 .text._ZNK10__cxxabiv117__class_type_info12__do_dyncastEiNS0_10__sub_kindEPKS0_PKvS3_S5_RNS0_16__dyncast_resultE
                0x02006e8c      0x134 /opt/devkitpro/devkitPPC/lib/gcc/powerpc-eabi/15.2.0/../../../../powerpc-eabi/lib/libstdc++.a(class_type_info.o)
                0x02006e8c                _ZNK10__cxxabiv117__class_type_info12__do_dyncastEiNS0_10__sub_kindEPKS0_PKvS3_S5_RNS0_16__dyncast_resultE
 .text._ZdlPvj  0x02006fc0        0x4 /opt/devkitpro/devkitPPC/lib/gcc/powerpc-eabi/15.2.0/../../../../powerpc-eabi/lib/libstdc++.a(del_ops.o)
                0x02006fc0                _ZdlPvj
 .text._ZNK9__gnu_cxx24__concurrence_lock_error4whatEv
                0x02006fc4        0xc /opt/devkitpro/devkitPPC/lib/gcc/powerpc-eabi/15.2.0/../../../../powerpc-eabi/lib/libstdc++.a(eh_alloc.o)
                0x02006fc4                _ZNK9__gnu_cxx24__concurrence_lock_error4whatEv
 .text._ZNK9__gnu_cxx26__concurrence_unlock_error4whatEv
                0x02006fd0        0xc /opt/devkitpro/devkitPPC/lib/gcc/powerpc-eabi/15.2.0/../../../../powerpc-eabi/lib/libstdc++.a(eh_alloc.o)
                0x02006fd0                _ZNK9__gnu_cxx26__concurrence_unlock_error4whatEv
 .text._ZN9__gnu_cxx24__concurrence_lock_errorD2Ev
                0x02006fdc       0x10 /opt/devkitpro/devkitPPC/lib/gcc/powerpc-eabi/15.2.0/../../../../powerpc-eabi/lib/libstdc++.a(eh_alloc.o)
                0x02006fdc                _ZN9__gnu_cxx24__concurrence_lock_errorD2Ev
                0x02006fdc                _ZN9__gnu_cxx24__concurrence_lock_errorD1Ev
 .text._ZN9__gnu_cxx24__concurrence_lock_errorD0Ev
                0x02006fec       0x40 /opt/devkitpro/devkitPPC/lib/gcc/powerpc-eabi/15.2.0/../../../../powerpc-eabi/lib/libstdc++.a(eh_alloc.o)
                0x02006fec                _ZN9__gnu_cxx24__concurrence_lock_errorD0Ev
 .text._ZN9__gnu_cxx26__concurrence_unlock_errorD2Ev
                0x0200702c       0x10 /opt/devkitpro/devkitPPC/lib/gcc/powerpc-eabi/15.2.0/../../../../powerpc-eabi/lib/libstdc++.a(eh_alloc.o)
                0x0200702c                _ZN9__gnu_cxx26__concurrence_unlock_errorD1Ev
                0x0200702c                _ZN9__gnu_cxx26__concurrence_unlock_errorD2Ev
 .text._ZN9__gnu_cxx26__concurrence_unlock_errorD0Ev
                0x0200703c       0x40 /opt/devkitpro/devkitPPC/lib/gcc/powerpc-eabi/15.2.0/../../../../powerpc-eabi/lib/libstdc++.a(eh_alloc.o)
                0x0200703c                _ZN9__gnu_cxx26__concurrence_unlock_errorD0Ev
 .text._ZN12_GLOBAL__N_14pool4freeEPv.constprop.0
                0x0200707c      0x134 /opt/devkitpro/devkitPPC/lib/gcc/powerpc-eabi/15.2.0/../../../../powerpc-eabi/lib/libstdc++.a(eh_alloc.o)
 .text._ZN12_GLOBAL__N_14pool8allocateEj.constprop.0
                0x020071b0       0xfc /opt/devkitpro/devkitPPC/lib/gcc/powerpc-eabi/15.2.0/../../../../powerpc-eabi/lib/libstdc++.a(eh_alloc.o)
 .text.__cxa_allocate_exception
                0x020072ac       0x68 /opt/devkitpro/devkitPPC/lib/gcc/powerpc-eabi/15.2.0/../../../../powerpc-eabi/lib/libstdc++.a(eh_alloc.o)
                0x020072ac                __cxa_allocate_exception
 .text.__cxa_free_exception
                0x02007314       0x30 /opt/devkitpro/devkitPPC/lib/gcc/powerpc-eabi/15.2.0/../../../../powerpc-eabi/lib/libstdc++.a(eh_alloc.o)
                0x02007314                __cxa_free_exception
 .text._ZNSt9exceptionD2Ev
                0x02007344        0x4 /opt/devkitpro/devkitPPC/lib/gcc/powerpc-eabi/15.2.0/../../../../powerpc-eabi/lib/libstdc++.a(eh_exception.o)
                0x02007344                _ZNSt9exceptionD2Ev
                0x02007344                _ZNSt9exceptionD1Ev
 .text._ZL16get_adjusted_ptrPKSt9type_infoS1_PPv
                0x02007348       0x98 /opt/devkitpro/devkitPPC/lib/gcc/powerpc-eabi/15.2.0/../../../../powerpc-eabi/lib/libstdc++.a(eh_personality.o)
 .text._ZL28read_encoded_value_with_basehjPKhPj
                0x020073e0      0x13c /opt/devkitpro/devkitPPC/lib/gcc/powerpc-eabi/15.2.0/../../../../powerpc-eabi/lib/libstdc++.a(eh_personality.o)
 .text._ZL21base_of_encoded_valuehP15_Unwind_Context
                0x0200751c       0x68 /opt/devkitpro/devkitPPC/lib/gcc/powerpc-eabi/15.2.0/../../../../powerpc-eabi/lib/libstdc++.a(eh_personality.o)
 .text._ZL17parse_lsda_headerP15_Unwind_ContextPKhP16lsda_header_info
                0x02007584      0x120 /opt/devkitpro/devkitPPC/lib/gcc/powerpc-eabi/15.2.0/../../../../powerpc-eabi/lib/libstdc++.a(eh_personality.o)
 .text._ZL20check_exception_specP16lsda_header_infoPKSt9type_infoPvl
                0x020076a4      0x138 /opt/devkitpro/devkitPPC/lib/gcc/powerpc-eabi/15.2.0/../../../../powerpc-eabi/lib/libstdc++.a(eh_personality.o)
 .text.__gxx_personality_v0
                0x020077dc      0x8b4 /opt/devkitpro/devkitPPC/lib/gcc/powerpc-eabi/15.2.0/../../../../powerpc-eabi/lib/libstdc++.a(eh_personality.o)
                0x020077dc                __gxx_personality_v0
 .text._ZN10__cxxabiv111__terminateEPFvvE
                0x02008090       0x20 /opt/devkitpro/devkitPPC/lib/gcc/powerpc-eabi/15.2.0/../../../../powerpc-eabi/lib/libstdc++.a(eh_terminate.o)
                0x02008090                _ZN10__cxxabiv111__terminateEPFvvE
 .text._ZN10__cxxabiv112__unexpectedEPFvvE
                0x020080b0       0x18 /opt/devkitpro/devkitPPC/lib/gcc/powerpc-eabi/15.2.0/../../../../powerpc-eabi/lib/libstdc++.a(eh_terminate.o)
                0x020080b0                _ZN10__cxxabiv112__unexpectedEPFvvE
 .text._ZSt13get_terminatev
                0x020080c8       0x18 /opt/devkitpro/devkitPPC/lib/gcc/powerpc-eabi/15.2.0/../../../../powerpc-eabi/lib/libstdc++.a(eh_terminate.o)
                0x020080c8                _ZSt13get_terminatev
 .text._ZSt14get_unexpectedv
                0x020080e0       0x18 /opt/devkitpro/devkitPPC/lib/gcc/powerpc-eabi/15.2.0/../../../../powerpc-eabi/lib/libstdc++.a(eh_terminate.o)
                0x020080e0                _ZSt14get_unexpectedv
 .text._ZL23__gxx_exception_cleanup19_Unwind_Reason_CodeP17_Unwind_Exception
                0x020080f8       0x80 /opt/devkitpro/devkitPPC/lib/gcc/powerpc-eabi/15.2.0/../../../../powerpc-eabi/lib/libstdc++.a(eh_throw.o)
 .text.__cxa_init_primary_exception
                0x02008178       0x70 /opt/devkitpro/devkitPPC/lib/gcc/powerpc-eabi/15.2.0/../../../../powerpc-eabi/lib/libstdc++.a(eh_throw.o)
                0x02008178                __cxa_init_primary_exception
 .text.__cxa_throw
                0x020081e8       0x68 /opt/devkitpro/devkitPPC/lib/gcc/powerpc-eabi/15.2.0/../../../../powerpc-eabi/lib/libstdc++.a(eh_throw.o)
                0x020081e8                __cxa_throw
 .text._ZNK9__gnu_cxx29__concurrence_broadcast_error4whatEv
                0x02008250        0xc /opt/devkitpro/devkitPPC/lib/gcc/powerpc-eabi/15.2.0/../../../../powerpc-eabi/lib/libstdc++.a(guard.o)
                0x02008250                _ZNK9__gnu_cxx29__concurrence_broadcast_error4whatEv
 .text._ZNK9__gnu_cxx24__concurrence_wait_error4whatEv
                0x0200825c        0xc /opt/devkitpro/devkitPPC/lib/gcc/powerpc-eabi/15.2.0/../../../../powerpc-eabi/lib/libstdc++.a(guard.o)
                0x0200825c                _ZNK9__gnu_cxx24__concurrence_wait_error4whatEv
 .text._ZN12_GLOBAL__N_1L4initEv
                0x02008268       0x28 /opt/devkitpro/devkitPPC/lib/gcc/powerpc-eabi/15.2.0/../../../../powerpc-eabi/lib/libstdc++.a(guard.o)
 .text._ZN12_GLOBAL__N_1L16init_static_condEv
                0x02008290       0x24 /opt/devkitpro/devkitPPC/lib/gcc/powerpc-eabi/15.2.0/../../../../powerpc-eabi/lib/libstdc++.a(guard.o)
 .text._ZN9__gnu_cxx24__concurrence_wait_errorD2Ev
                0x020082b4       0x10 /opt/devkitpro/devkitPPC/lib/gcc/powerpc-eabi/15.2.0/../../../../powerpc-eabi/lib/libstdc++.a(guard.o)
                0x020082b4                _ZN9__gnu_cxx24__concurrence_wait_errorD1Ev
                0x020082b4                _ZN9__gnu_cxx24__concurrence_wait_errorD2Ev
 .text._ZN9__gnu_cxx24__concurrence_wait_errorD0Ev
                0x020082c4       0x40 /opt/devkitpro/devkitPPC/lib/gcc/powerpc-eabi/15.2.0/../../../../powerpc-eabi/lib/libstdc++.a(guard.o)
                0x020082c4                _ZN9__gnu_cxx24__concurrence_wait_errorD0Ev
 .text._ZN9__gnu_cxx29__concurrence_broadcast_errorD2Ev
                0x02008304       0x10 /opt/devkitpro/devkitPPC/lib/gcc/powerpc-eabi/15.2.0/../../../../powerpc-eabi/lib/libstdc++.a(guard.o)
                0x02008304                _ZN9__gnu_cxx29__concurrence_broadcast_errorD2Ev
                0x02008304                _ZN9__gnu_cxx29__concurrence_broadcast_errorD1Ev
 .text._ZN9__gnu_cxx29__concurrence_broadcast_errorD0Ev
                0x02008314       0x40 /opt/devkitpro/devkitPPC/lib/gcc/powerpc-eabi/15.2.0/../../../../powerpc-eabi/lib/libstdc++.a(guard.o)
                0x02008314                _ZN9__gnu_cxx29__concurrence_broadcast_errorD0Ev
 .text.__cxa_guard_acquire
                0x02008354      0x1a8 /opt/devkitpro/devkitPPC/lib/gcc/powerpc-eabi/15.2.0/../../../../powerpc-eabi/lib/libstdc++.a(guard.o)
                0x02008354                __cxa_guard_acquire
 .text.__cxa_guard_release
                0x020084fc       0xac /opt/devkitpro/devkitPPC/lib/gcc/powerpc-eabi/15.2.0/../../../../powerpc-eabi/lib/libstdc++.a(guard.o)
                0x020084fc                __cxa_guard_release
 .text._ZSt15get_new_handlerv
                0x020085a8       0x18 /opt/devkitpro/devkitPPC/lib/gcc/powerpc-eabi/15.2.0/../../../../powerpc-eabi/lib/libstdc++.a(new_handler.o)
                0x020085a8                _ZSt15get_new_handlerv
 .text._Znwj    0x020085c0       0x80 /opt/devkitpro/devkitPPC/lib/gcc/powerpc-eabi/15.2.0/../../../../powerpc-eabi/lib/libstdc++.a(new_op.o)
                0x020085c0                _Znwj
 .text._ZnwjRKSt9nothrow_t
                0x02008640       0x30 /opt/devkitpro/devkitPPC/lib/gcc/powerpc-eabi/15.2.0/../../../../powerpc-eabi/lib/libstdc++.a(new_opnt.o)
                0x02008640                _ZnwjRKSt9nothrow_t
 .text._ZN10__cxxabiv120__si_class_type_infoD2Ev
                0x02008670       0x10 /opt/devkitpro/devkitPPC/lib/gcc/powerpc-eabi/15.2.0/../../../../powerpc-eabi/lib/libstdc++.a(si_class_type_info.o)
                0x02008670                _ZN10__cxxabiv120__si_class_type_infoD2Ev
                0x02008670                _ZN10__cxxabiv120__si_class_type_infoD1Ev
 .text._ZN10__cxxabiv120__si_class_type_infoD0Ev
                0x02008680       0x40 /opt/devkitpro/devkitPPC/lib/gcc/powerpc-eabi/15.2.0/../../../../powerpc-eabi/lib/libstdc++.a(si_class_type_info.o)
                0x02008680                _ZN10__cxxabiv120__si_class_type_infoD0Ev
 .text._ZNK10__cxxabiv120__si_class_type_info12__do_dyncastEiNS_17__class_type_info10__sub_kindEPKS1_PKvS4_S6_RNS1_16__dyncast_resultE
                0x020086c0      0x1b8 /opt/devkitpro/devkitPPC/lib/gcc/powerpc-eabi/15.2.0/../../../../powerpc-eabi/lib/libstdc++.a(si_class_type_info.o)
                0x020086c0                _ZNK10__cxxabiv120__si_class_type_info12__do_dyncastEiNS_17__class_type_info10__sub_kindEPKS1_PKvS4_S6_RNS1_16__dyncast_resultE
 .text._ZNK10__cxxabiv120__si_class_type_info20__do_find_public_srcEiPKvPKNS_17__class_type_infoES2_
                0x02008878       0xd4 /opt/devkitpro/devkitPPC/lib/gcc/powerpc-eabi/15.2.0/../../../../powerpc-eabi/lib/libstdc++.a(si_class_type_info.o)
                0x02008878                _ZNK10__cxxabiv120__si_class_type_info20__do_find_public_srcEiPKvPKNS_17__class_type_infoES2_
 .text._ZNK10__cxxabiv120__si_class_type_info11__do_upcastEPKNS_17__class_type_infoEPKvRNS1_15__upcast_resultE
                0x0200894c       0x94 /opt/devkitpro/devkitPPC/lib/gcc/powerpc-eabi/15.2.0/../../../../powerpc-eabi/lib/libstdc++.a(si_class_type_info.o)
                0x0200894c                _ZNK10__cxxabiv120__si_class_type_info11__do_upcastEPKNS_17__class_type_infoEPKvRNS1_15__upcast_resultE
 .text._ZNSt9type_infoD2Ev
                0x020089e0        0x4 /opt/devkitpro/devkitPPC/lib/gcc/powerpc-eabi/15.2.0/../../../../powerpc-eabi/lib/libstdc++.a(tinfo.o)
                0x020089e0                _ZNSt9type_infoD1Ev
                0x020089e0                _ZNSt9type_infoD2Ev
 .text._ZNKSt9type_info14__is_pointer_pEv
                0x020089e4        0x8 /opt/devkitpro/devkitPPC/lib/gcc/powerpc-eabi/15.2.0/../../../../powerpc-eabi/lib/libstdc++.a(tinfo.o)
                0x020089e4                _ZNKSt9type_info15__is_function_pEv
                0x020089e4                _ZNKSt9type_info14__is_pointer_pEv
 .text._ZNKSt11logic_error4whatEv
                0x020089ec        0x8 /opt/devkitpro/devkitPPC/lib/gcc/powerpc-eabi/15.2.0/../../../../powerpc-eabi/lib/libstdc++.a(stdexcept.o)
                0x020089ec                _ZNKSt13runtime_error4whatEv
                0x020089ec                _ZNKSt11logic_error4whatEv
 .text._ZNSt11logic_errorD2Ev
                0x020089f4       0x84 /opt/devkitpro/devkitPPC/lib/gcc/powerpc-eabi/15.2.0/../../../../powerpc-eabi/lib/libstdc++.a(stdexcept.o)
                0x020089f4                _ZNSt11logic_errorD2Ev
                0x020089f4                _ZNSt11logic_errorD1Ev
 .text._ZNSt12length_errorD2Ev
                0x02008a78       0x84 /opt/devkitpro/devkitPPC/lib/gcc/powerpc-eabi/15.2.0/../../../../powerpc-eabi/lib/libstdc++.a(stdexcept.o)
                0x02008a78                _ZNSt12length_errorD2Ev
                0x02008a78                _ZNSt12length_errorD1Ev
 .text._ZNSt11logic_errorD0Ev
                0x02008afc       0x88 /opt/devkitpro/devkitPPC/lib/gcc/powerpc-eabi/15.2.0/../../../../powerpc-eabi/lib/libstdc++.a(stdexcept.o)
                0x02008afc                _ZNSt11logic_errorD0Ev
 .text._ZNSt12length_errorD0Ev
                0x02008b84       0x88 /opt/devkitpro/devkitPPC/lib/gcc/powerpc-eabi/15.2.0/../../../../powerpc-eabi/lib/libstdc++.a(stdexcept.o)
                0x02008b84                _ZNSt12length_errorD0Ev
 .text._ZNSs4_Rep9_S_createEjjRKSaIcE
                0x02008c0c       0xdc /opt/devkitpro/devkitPPC/lib/gcc/powerpc-eabi/15.2.0/../../../../powerpc-eabi/lib/libstdc++.a(cow-string-inst.o)
                0x02008c0c                _ZNSs4_Rep9_S_createEjjRKSaIcE
 .text._ZNSs4_Rep10_M_destroyERKSaIcE
                0x02008ce8        0x4 /opt/devkitpro/devkitPPC/lib/gcc/powerpc-eabi/15.2.0/../../../../powerpc-eabi/lib/libstdc++.a(cow-string-inst.o)
                0x02008ce8                _ZNSs4_Rep10_M_destroyERKSaIcE
 .text._ZNKSt9bad_alloc4whatEv
                0x02008cec        0xc /opt/devkitpro/devkitPPC/lib/gcc/powerpc-eabi/15.2.0/../../../../powerpc-eabi/lib/libstdc++.a(bad_alloc.o)
                0x02008cec                _ZNKSt9bad_alloc4whatEv
 .text._ZNSt9bad_allocD2Ev
                0x02008cf8       0x10 /opt/devkitpro/devkitPPC/lib/gcc/powerpc-eabi/15.2.0/../../../../powerpc-eabi/lib/libstdc++.a(bad_alloc.o)
                0x02008cf8                _ZNSt9bad_allocD2Ev
                0x02008cf8                _ZNSt9bad_allocD1Ev
 .text._ZNSt9bad_allocD0Ev
                0x02008d08       0x40 /opt/devkitpro/devkitPPC/lib/gcc/powerpc-eabi/15.2.0/../../../../powerpc-eabi/lib/libstdc++.a(bad_alloc.o)
                0x02008d08                _ZNSt9bad_allocD0Ev
 .text._ZdlPv   0x02008d48        0x4 /opt/devkitpro/devkitPPC/lib/gcc/powerpc-eabi/15.2.0/../../../../powerpc-eabi/lib/libstdc++.a(del_op.o)
                0x02008d48                _ZdlPv
 .text.__cxa_begin_catch
                0x02008d4c       0xc8 /opt/devkitpro/devkitPPC/lib/gcc/powerpc-eabi/15.2.0/../../../../powerpc-eabi/lib/libstdc++.a(eh_catch.o)
                0x02008d4c                __cxa_begin_catch
 .text.__cxa_end_catch
                0x02008e14       0xc0 /opt/devkitpro/devkitPPC/lib/gcc/powerpc-eabi/15.2.0/../../../../powerpc-eabi/lib/libstdc++.a(eh_catch.o)
                0x02008e14                __cxa_end_catch
 .text._ZL15eh_globals_dtorPv
                0x02008ed4       0x68 /opt/devkitpro/devkitPPC/lib/gcc/powerpc-eabi/15.2.0/../../../../powerpc-eabi/lib/libstdc++.a(eh_globals.o)
 .text.__cxa_get_globals_fast
                0x02008f3c       0x44 /opt/devkitpro/devkitPPC/lib/gcc/powerpc-eabi/15.2.0/../../../../powerpc-eabi/lib/libstdc++.a(eh_globals.o)
                0x02008f3c                __cxa_get_globals_fast
 .text.__cxa_get_globals
                0x02008f80       0x90 /opt/devkitpro/devkitPPC/lib/gcc/powerpc-eabi/15.2.0/../../../../powerpc-eabi/lib/libstdc++.a(eh_globals.o)
                0x02008f80                __cxa_get_globals
 .text._ZNSt11logic_errorC2EPKc
                0x02009010      0x114 /opt/devkitpro/devkitPPC/lib/gcc/powerpc-eabi/15.2.0/../../../../powerpc-eabi/lib/libstdc++.a(cow-stdexcept.o)
                0x02009010                _ZNSt11logic_errorC2EPKc
                0x02009010                _ZNSt11logic_errorC1EPKc
 .text._ZNSt12length_errorC2EPKc
                0x02009124       0x38 /opt/devkitpro/devkitPPC/lib/gcc/powerpc-eabi/15.2.0/../../../../powerpc-eabi/lib/libstdc++.a(cow-stdexcept.o)
                0x02009124                _ZNSt12length_errorC2EPKc
                0x02009124                _ZNSt12length_errorC1EPKc
 .text.__divdi3
                0x0200915c      0x428 /opt/devkitpro/devkitPPC/lib/gcc/powerpc-eabi/15.2.0/libgcc.a(_divdi3.o)
                0x0200915c                __divdi3
 .text.__udivdi3
                0x02009584      0x3cc /opt/devkitpro/devkitPPC/lib/gcc/powerpc-eabi/15.2.0/libgcc.a(_udivdi3.o)
                0x02009584                __udivdi3
 .text.init_dwarf_reg_size_table
                0x02009950      0x1d0 /opt/devkitpro/devkitPPC/lib/gcc/powerpc-eabi/15.2.0/libgcc.a(unwind-dw2.o)
 .text.uw_install_context_1
                0x02009b20      0x1fc /opt/devkitpro/devkitPPC/lib/gcc/powerpc-eabi/15.2.0/libgcc.a(unwind-dw2.o)
 .text.read_encoded_value
                0x02009d1c      0x18c /opt/devkitpro/devkitPPC/lib/gcc/powerpc-eabi/15.2.0/libgcc.a(unwind-dw2.o)
 .text.execute_stack_op
                0x02009ea8      0x870 /opt/devkitpro/devkitPPC/lib/gcc/powerpc-eabi/15.2.0/libgcc.a(unwind-dw2.o)
 .text.uw_update_context_1
                0x0200a718      0x390 /opt/devkitpro/devkitPPC/lib/gcc/powerpc-eabi/15.2.0/libgcc.a(unwind-dw2.o)
 .text.execute_cfa_program_specialized
                0x0200aaa8      0x954 /opt/devkitpro/devkitPPC/lib/gcc/powerpc-eabi/15.2.0/libgcc.a(unwind-dw2.o)
 .text.execute_cfa_program_generic
                0x0200b3fc      0x9bc /opt/devkitpro/devkitPPC/lib/gcc/powerpc-eabi/15.2.0/libgcc.a(unwind-dw2.o)
 .text.uw_frame_state_for
                0x0200bdb8      0x4d8 /opt/devkitpro/devkitPPC/lib/gcc/powerpc-eabi/15.2.0/libgcc.a(unwind-dw2.o)
 .text.uw_init_context_1
                0x0200c290      0x2d0 /opt/devkitpro/devkitPPC/lib/gcc/powerpc-eabi/15.2.0/libgcc.a(unwind-dw2.o)
 .text._Unwind_RaiseException_Phase2
                0x0200c560      0x1cc /opt/devkitpro/devkitPPC/lib/gcc/powerpc-eabi/15.2.0/libgcc.a(unwind-dw2.o)
 .text._Unwind_ForcedUnwind_Phase2
                0x0200c72c      0x1f0 /opt/devkitpro/devkitPPC/lib/gcc/powerpc-eabi/15.2.0/libgcc.a(unwind-dw2.o)
 .text._Unwind_SetGR
                0x0200c91c       0x64 /opt/devkitpro/devkitPPC/lib/gcc/powerpc-eabi/15.2.0/libgcc.a(unwind-dw2.o)
                0x0200c91c                _Unwind_SetGR
 .text._Unwind_GetIPInfo
                0x0200c980       0x14 /opt/devkitpro/devkitPPC/lib/gcc/powerpc-eabi/15.2.0/libgcc.a(unwind-dw2.o)
                0x0200c980                _Unwind_GetIPInfo
 .text._Unwind_SetIP
                0x0200c994        0x8 /opt/devkitpro/devkitPPC/lib/gcc/powerpc-eabi/15.2.0/libgcc.a(unwind-dw2.o)
                0x0200c994                _Unwind_SetIP
 .text._Unwind_GetLanguageSpecificData
                0x0200c99c        0x8 /opt/devkitpro/devkitPPC/lib/gcc/powerpc-eabi/15.2.0/libgcc.a(unwind-dw2.o)
                0x0200c99c                _Unwind_GetLanguageSpecificData
 .text._Unwind_GetRegionStart
                0x0200c9a4        0x8 /opt/devkitpro/devkitPPC/lib/gcc/powerpc-eabi/15.2.0/libgcc.a(unwind-dw2.o)
                0x0200c9a4                _Unwind_GetRegionStart
 .text._Unwind_GetDataRelBase
                0x0200c9ac        0x8 /opt/devkitpro/devkitPPC/lib/gcc/powerpc-eabi/15.2.0/libgcc.a(unwind-dw2.o)
                0x0200c9ac                _Unwind_GetDataRelBase
 .text._Unwind_GetTextRelBase
                0x0200c9b4        0x8 /opt/devkitpro/devkitPPC/lib/gcc/powerpc-eabi/15.2.0/libgcc.a(unwind-dw2.o)
                0x0200c9b4                _Unwind_GetTextRelBase
 .text._Unwind_DebugHook
                0x0200c9bc        0x4 /opt/devkitpro/devkitPPC/lib/gcc/powerpc-eabi/15.2.0/libgcc.a(unwind-dw2.o)
 .text._Unwind_RaiseException
                0x0200c9c0      0x38c /opt/devkitpro/devkitPPC/lib/gcc/powerpc-eabi/15.2.0/libgcc.a(unwind-dw2.o)
                0x0200c9c0                _Unwind_RaiseException
 .text._Unwind_Resume
                0x0200cd4c      0x1dc /opt/devkitpro/devkitPPC/lib/gcc/powerpc-eabi/15.2.0/libgcc.a(unwind-dw2.o)
                0x0200cd4c                _Unwind_Resume
 .text._Unwind_DeleteException
                0x0200cf28       0x1c /opt/devkitpro/devkitPPC/lib/gcc/powerpc-eabi/15.2.0/libgcc.a(unwind-dw2.o)
                0x0200cf28                _Unwind_DeleteException
 .text.fde_unencoded_compare
                0x0200cf44       0x20 /opt/devkitpro/devkitPPC/lib/gcc/powerpc-eabi/15.2.0/libgcc.a(unwind-dw2-fde.o)
 .text.fde_unencoded_extract
                0x0200cf64       0x74 /opt/devkitpro/devkitPPC/lib/gcc/powerpc-eabi/15.2.0/libgcc.a(unwind-dw2-fde.o)
 .text.frame_downheap
                0x0200cfd8      0x110 /opt/devkitpro/devkitPPC/lib/gcc/powerpc-eabi/15.2.0/libgcc.a(unwind-dw2-fde.o)
 .text.read_encoded_value_with_base
                0x0200d0e8      0x13c /opt/devkitpro/devkitPPC/lib/gcc/powerpc-eabi/15.2.0/libgcc.a(unwind-dw2-fde.o)
 .text.fde_radixsort
                0x0200d224      0x2a4 /opt/devkitpro/devkitPPC/lib/gcc/powerpc-eabi/15.2.0/libgcc.a(unwind-dw2-fde.o)
 .text.__deregister_frame_info_bases.part.0
                0x0200d4c8      0x118 /opt/devkitpro/devkitPPC/lib/gcc/powerpc-eabi/15.2.0/libgcc.a(unwind-dw2-fde.o)
 .text.get_cie_encoding
                0x0200d5e0      0x158 /opt/devkitpro/devkitPPC/lib/gcc/powerpc-eabi/15.2.0/libgcc.a(unwind-dw2-fde.o)
 .text.fde_mixed_encoding_extract
                0x0200d738       0xfc /opt/devkitpro/devkitPPC/lib/gcc/powerpc-eabi/15.2.0/libgcc.a(unwind-dw2-fde.o)
 .text.classify_object_over_fdes.constprop.0
                0x0200d834      0x20c /opt/devkitpro/devkitPPC/lib/gcc/powerpc-eabi/15.2.0/libgcc.a(unwind-dw2-fde.o)
 .text.fde_single_encoding_extract
                0x0200da40      0x108 /opt/devkitpro/devkitPPC/lib/gcc/powerpc-eabi/15.2.0/libgcc.a(unwind-dw2-fde.o)
 .text.fde_single_encoding_compare
                0x0200db48       0xd0 /opt/devkitpro/devkitPPC/lib/gcc/powerpc-eabi/15.2.0/libgcc.a(unwind-dw2-fde.o)
 .text.fde_mixed_encoding_compare
                0x0200dc18      0x150 /opt/devkitpro/devkitPPC/lib/gcc/powerpc-eabi/15.2.0/libgcc.a(unwind-dw2-fde.o)
 .text.add_fdes.isra.0
                0x0200dd68      0x2c0 /opt/devkitpro/devkitPPC/lib/gcc/powerpc-eabi/15.2.0/libgcc.a(unwind-dw2-fde.o)
 .text.linear_search_fdes
                0x0200e028      0x360 /opt/devkitpro/devkitPPC/lib/gcc/powerpc-eabi/15.2.0/libgcc.a(unwind-dw2-fde.o)
 .text.search_object
                0x0200e388      0x6e4 /opt/devkitpro/devkitPPC/lib/gcc/powerpc-eabi/15.2.0/libgcc.a(unwind-dw2-fde.o)
 .text.__register_frame_info
                0x0200ea6c       0x88 /opt/devkitpro/devkitPPC/lib/gcc/powerpc-eabi/15.2.0/libgcc.a(unwind-dw2-fde.o)
                0x0200ea6c                __register_frame_info
 .text.__deregister_frame_info
                0x0200eaf4       0x20 /opt/devkitpro/devkitPPC/lib/gcc/powerpc-eabi/15.2.0/libgcc.a(unwind-dw2-fde.o)
                0x0200eaf4                __deregister_frame_info
 .text._Unwind_Find_FDE
                0x0200eb14      0x24c /opt/devkitpro/devkitPPC/lib/gcc/powerpc-eabi/15.2.0/libgcc.a(unwind-dw2-fde.o)
                0x0200eb14                _Unwind_Find_FDE
 .text.chdir    0x0200ed60      0x1b8 /opt/devkitpro/devkitPPC/lib/gcc/powerpc-eabi/15.2.0/../../../../powerpc-eabi/lib/libsysbase.a(libsysbase_libsysbase_a-chdir.o)
                0x0200ed60                chdir
 .text._concatenate_path
                0x0200ef18      0x27c /opt/devkitpro/devkitPPC/lib/gcc/powerpc-eabi/15.2.0/../../../../powerpc-eabi/lib/libsysbase.a(libsysbase_libsysbase_a-concatenate.o)
                0x0200ef18                _concatenate_path
 .text.__dirnext
                0x0200f194       0xb4 /opt/devkitpro/devkitPPC/lib/gcc/powerpc-eabi/15.2.0/../../../../powerpc-eabi/lib/libsysbase.a(libsysbase_libsysbase_a-dirent.o)
 .text.opendir  0x0200f248      0x168 /opt/devkitpro/devkitPPC/lib/gcc/powerpc-eabi/15.2.0/../../../../powerpc-eabi/lib/libsysbase.a(libsysbase_libsysbase_a-dirent.o)
                0x0200f248                opendir
 .text.closedir
                0x0200f3b0       0xd8 /opt/devkitpro/devkitPPC/lib/gcc/powerpc-eabi/15.2.0/../../../../powerpc-eabi/lib/libsysbase.a(libsysbase_libsysbase_a-dirent.o)
                0x0200f3b0                closedir
 .text.readdir_r
                0x0200f488      0x150 /opt/devkitpro/devkitPPC/lib/gcc/powerpc-eabi/15.2.0/../../../../powerpc-eabi/lib/libsysbase.a(libsysbase_libsysbase_a-dirent.o)
                0x0200f488                readdir_r
 .text.readdir  0x0200f5d8       0x50 /opt/devkitpro/devkitPPC/lib/gcc/powerpc-eabi/15.2.0/../../../../powerpc-eabi/lib/libsysbase.a(libsysbase_libsysbase_a-dirent.o)
                0x0200f5d8                readdir
 .text.fsync    0x0200f628       0xb8 /opt/devkitpro/devkitPPC/lib/gcc/powerpc-eabi/15.2.0/../../../../powerpc-eabi/lib/libsysbase.a(libsysbase_libsysbase_a-fsync.o)
                0x0200f628                fsync
 .text.__release_handle
                0x0200f6e0       0xb4 /opt/devkitpro/devkitPPC/lib/gcc/powerpc-eabi/15.2.0/../../../../powerpc-eabi/lib/libsysbase.a(libsysbase_libsysbase_a-handle_manager.o)
                0x0200f6e0                __release_handle
 .text.__alloc_handle
                0x0200f794      0x10c /opt/devkitpro/devkitPPC/lib/gcc/powerpc-eabi/15.2.0/../../../../powerpc-eabi/lib/libsysbase.a(libsysbase_libsysbase_a-handle_manager.o)
                0x0200f794                __alloc_handle
 .text.__get_handle
                0x0200f8a0       0x60 /opt/devkitpro/devkitPPC/lib/gcc/powerpc-eabi/15.2.0/../../../../powerpc-eabi/lib/libsysbase.a(libsysbase_libsysbase_a-handle_manager.o)
                0x0200f8a0                __get_handle
 .text._close_r
                0x0200f900      0x168 /opt/devkitpro/devkitPPC/lib/gcc/powerpc-eabi/15.2.0/../../../../powerpc-eabi/lib/libsysbase.a(libsysbase_libsysbase_a-handle_manager.o)
                0x0200f900                _close_r
 .text.null_write
                0x0200fa68        0x8 /opt/devkitpro/devkitPPC/lib/gcc/powerpc-eabi/15.2.0/../../../../powerpc-eabi/lib/libsysbase.a(libsysbase_libsysbase_a-iosupport.o)
 .text.setDefaultDevice
                0x0200fa70       0x18 /opt/devkitpro/devkitPPC/lib/gcc/powerpc-eabi/15.2.0/../../../../powerpc-eabi/lib/libsysbase.a(libsysbase_libsysbase_a-iosupport.o)
                0x0200fa70                setDefaultDevice
 .text.FindDevice
                0x0200fa88      0x108 /opt/devkitpro/devkitPPC/lib/gcc/powerpc-eabi/15.2.0/../../../../powerpc-eabi/lib/libsysbase.a(libsysbase_libsysbase_a-iosupport.o)
                0x0200fa88                FindDevice
 .text.RemoveDevice
                0x0200fb90       0x40 /opt/devkitpro/devkitPPC/lib/gcc/powerpc-eabi/15.2.0/../../../../powerpc-eabi/lib/libsysbase.a(libsysbase_libsysbase_a-iosupport.o)
                0x0200fb90                RemoveDevice
 .text.AddDevice
                0x0200fbd0       0xf4 /opt/devkitpro/devkitPPC/lib/gcc/powerpc-eabi/15.2.0/../../../../powerpc-eabi/lib/libsysbase.a(libsysbase_libsysbase_a-iosupport.o)
                0x0200fbd0                AddDevice
 .text.pthread_mutex_lock
                0x0200fcc4       0x80 /opt/devkitpro/devkitPPC/lib/gcc/powerpc-eabi/15.2.0/../../../../powerpc-eabi/lib/libsysbase.a(libsysbase_libsysbase_a-pthread.o)
                0x0200fcc4                pthread_mutex_lock
 .text.pthread_mutex_unlock
                0x0200fd44       0x80 /opt/devkitpro/devkitPPC/lib/gcc/powerpc-eabi/15.2.0/../../../../powerpc-eabi/lib/libsysbase.a(libsysbase_libsysbase_a-pthread.o)
                0x0200fd44                pthread_mutex_unlock
 .text.pthread_cond_broadcast
                0x0200fdc4       0x18 /opt/devkitpro/devkitPPC/lib/gcc/powerpc-eabi/15.2.0/../../../../powerpc-eabi/lib/libsysbase.a(libsysbase_libsysbase_a-pthread.o)
                0x0200fdc4                pthread_cond_broadcast
 .text.pthread_cond_wait
                0x0200fddc       0x64 /opt/devkitpro/devkitPPC/lib/gcc/powerpc-eabi/15.2.0/../../../../powerpc-eabi/lib/libsysbase.a(libsysbase_libsysbase_a-pthread.o)
                0x0200fddc                pthread_cond_wait
 .text.pthread_once
                0x0200fe40       0xfc /opt/devkitpro/devkitPPC/lib/gcc/powerpc-eabi/15.2.0/../../../../powerpc-eabi/lib/libsysbase.a(libsysbase_libsysbase_a-pthread.o)
                0x0200fe40                pthread_once
 .text.pthread_key_create
                0x0200ff3c       0x2c /opt/devkitpro/devkitPPC/lib/gcc/powerpc-eabi/15.2.0/../../../../powerpc-eabi/lib/libsysbase.a(libsysbase_libsysbase_a-pthread.o)
                0x0200ff3c                pthread_key_create
 .text.pthread_setspecific
                0x0200ff68       0x1c /opt/devkitpro/devkitPPC/lib/gcc/powerpc-eabi/15.2.0/../../../../powerpc-eabi/lib/libsysbase.a(libsysbase_libsysbase_a-pthread.o)
                0x0200ff68                pthread_setspecific
 .text.pthread_getspecific
                0x0200ff84       0x1c /opt/devkitpro/devkitPPC/lib/gcc/powerpc-eabi/15.2.0/../../../../powerpc-eabi/lib/libsysbase.a(libsysbase_libsysbase_a-pthread.o)
                0x0200ff84                pthread_getspecific
 .text.pthread_key_delete
                0x0200ffa0       0x1c /opt/devkitpro/devkitPPC/lib/gcc/powerpc-eabi/15.2.0/../../../../powerpc-eabi/lib/libsysbase.a(libsysbase_libsysbase_a-pthread.o)
                0x0200ffa0                pthread_key_delete
 .text.__libc_lock_acquire
                0x0200ffbc       0x14 /opt/devkitpro/devkitPPC/lib/gcc/powerpc-eabi/15.2.0/../../../../powerpc-eabi/lib/libsysbase.a(libsysbase_libsysbase_a-syscall_support.o)
                0x0200ffbc                __libc_lock_acquire
 .text.__libc_lock_release
                0x0200ffd0       0x14 /opt/devkitpro/devkitPPC/lib/gcc/powerpc-eabi/15.2.0/../../../../powerpc-eabi/lib/libsysbase.a(libsysbase_libsysbase_a-syscall_support.o)
                0x0200ffd0                __libc_lock_release
 .text.__libc_lock_acquire_recursive
                0x0200ffe4       0x14 /opt/devkitpro/devkitPPC/lib/gcc/powerpc-eabi/15.2.0/../../../../powerpc-eabi/lib/libsysbase.a(libsysbase_libsysbase_a-syscall_support.o)
                0x0200ffe4                __libc_lock_acquire_recursive
 .text.__libc_lock_release_recursive
                0x0200fff8       0x14 /opt/devkitpro/devkitPPC/lib/gcc/powerpc-eabi/15.2.0/../../../../powerpc-eabi/lib/libsysbase.a(libsysbase_libsysbase_a-syscall_support.o)
                0x0200fff8                __libc_lock_release_recursive
 .text.__libc_cond_broadcast
                0x0201000c       0x1c /opt/devkitpro/devkitPPC/lib/gcc/powerpc-eabi/15.2.0/../../../../powerpc-eabi/lib/libsysbase.a(libsysbase_libsysbase_a-syscall_support.o)
                0x0201000c                __libc_cond_broadcast
 .text.__libc_cond_wait
                0x02010028       0x1c /opt/devkitpro/devkitPPC/lib/gcc/powerpc-eabi/15.2.0/../../../../powerpc-eabi/lib/libsysbase.a(libsysbase_libsysbase_a-syscall_support.o)
                0x02010028                __libc_cond_wait
 .text.__libc_cond_wait_recursive
                0x02010044       0x1c /opt/devkitpro/devkitPPC/lib/gcc/powerpc-eabi/15.2.0/../../../../powerpc-eabi/lib/libsysbase.a(libsysbase_libsysbase_a-syscall_support.o)
                0x02010044                __libc_cond_wait_recursive
 .text.getenv   0x02010060       0x38 /opt/devkitpro/devkitPPC/lib/gcc/powerpc-eabi/15.2.0/../../../../powerpc-eabi/lib/libc.a(libc_a-getenv.o)
                0x02010060                getenv
 .text.memcpy   0x02010098      0x14c /opt/devkitpro/devkitPPC/lib/gcc/powerpc-eabi/15.2.0/../../../../powerpc-eabi/lib/libc.a(libc_a-memcpy.o)
                0x02010098                memcpy
 .text.strlen   0x020101e4       0x80 /opt/devkitpro/devkitPPC/lib/gcc/powerpc-eabi/15.2.0/../../../../powerpc-eabi/lib/libc.a(libc_a-strlen.o)
                0x020101e4                strlen
 .text.open     0x02010264       0xa8 /opt/devkitpro/devkitPPC/lib/gcc/powerpc-eabi/15.2.0/../../../../powerpc-eabi/lib/libc.a(libc_a-sysopen.o)
                0x02010264                open
 .text.close    0x0201030c       0x30 /opt/devkitpro/devkitPPC/lib/gcc/powerpc-eabi/15.2.0/../../../../powerpc-eabi/lib/libc.a(libc_a-sysclose.o)
                0x0201030c                close
 .text.strcpy   0x0201033c       0x8c /opt/devkitpro/devkitPPC/lib/gcc/powerpc-eabi/15.2.0/../../../../powerpc-eabi/lib/libc.a(libc_a-strcpy.o)
                0x0201033c                strcpy
 .text.memalign
                0x020103c8       0x40 /opt/devkitpro/devkitPPC/lib/gcc/powerpc-eabi/15.2.0/../../../../powerpc-eabi/lib/libc.a(libc_a-malign.o)
                0x020103c8                memalign
 .text.snprintf
                0x02010408      0x130 /opt/devkitpro/devkitPPC/lib/gcc/powerpc-eabi/15.2.0/../../../../powerpc-eabi/lib/libc.a(libc_a-snprintf.o)
                0x02010408                snprintf
 .text.memchr   0x02010538      0x148 /opt/devkitpro/devkitPPC/lib/gcc/powerpc-eabi/15.2.0/../../../../powerpc-eabi/lib/libc.a(libc_a-memchr.o)
                0x02010538                memchr
 .text._strtoul_l.isra.0
                0x02010680      0x218 /opt/devkitpro/devkitPPC/lib/gcc/powerpc-eabi/15.2.0/../../../../powerpc-eabi/lib/libc.a(libc_a-strtoul.o)
 .text.strtoul  0x02010898       0x64 /opt/devkitpro/devkitPPC/lib/gcc/powerpc-eabi/15.2.0/../../../../powerpc-eabi/lib/libc.a(libc_a-strtoul.o)
                0x02010898                strtoul
 .text.strchr   0x020108fc      0x154 /opt/devkitpro/devkitPPC/lib/gcc/powerpc-eabi/15.2.0/../../../../powerpc-eabi/lib/libc.a(libc_a-strchr.o)
                0x020108fc                strchr
 .text.memcmp   0x02010a50      0x124 /opt/devkitpro/devkitPPC/lib/gcc/powerpc-eabi/15.2.0/../../../../powerpc-eabi/lib/libc.a(libc_a-memcmp.o)
                0x02010a50                memcmp
 .text.__errno  0x02010b74       0x20 /opt/devkitpro/devkitPPC/lib/gcc/powerpc-eabi/15.2.0/../../../../powerpc-eabi/lib/libc.a(libc_a-errno.o)
                0x02010b74                __errno
 .text.memset   0x02010b94      0x180 /opt/devkitpro/devkitPPC/lib/gcc/powerpc-eabi/15.2.0/../../../../powerpc-eabi/lib/libc.a(libc_a-memset.o)
                0x02010b94                memset
 .text.strncpy  0x02010d14      0x104 /opt/devkitpro/devkitPPC/lib/gcc/powerpc-eabi/15.2.0/../../../../powerpc-eabi/lib/libc.a(libc_a-strncpy.o)
                0x02010d14                strncpy
 .text.strcmp   0x02010e18       0x9c /opt/devkitpro/devkitPPC/lib/gcc/powerpc-eabi/15.2.0/../../../../powerpc-eabi/lib/libc.a(libc_a-strcmp.o)
                0x02010e18                strcmp
 .text.malloc   0x02010eb4       0x58 /opt/devkitpro/devkitPPC/lib/gcc/powerpc-eabi/15.2.0/../../../../powerpc-eabi/lib/libc.a(libc_a-malloc.o)
                0x02010eb4                malloc
 .text.free     0x02010f0c       0x30 /opt/devkitpro/devkitPPC/lib/gcc/powerpc-eabi/15.2.0/../../../../powerpc-eabi/lib/libc.a(libc_a-malloc.o)
                0x02010f0c                free
 .text.strrchr  0x02010f3c       0x78 /opt/devkitpro/devkitPPC/lib/gcc/powerpc-eabi/15.2.0/../../../../powerpc-eabi/lib/libc.a(libc_a-strrchr.o)
                0x02010f3c                strrchr
 .text.write    0x02010fb4       0x50 /opt/devkitpro/devkitPPC/lib/gcc/powerpc-eabi/15.2.0/../../../../powerpc-eabi/lib/libc.a(libc_a-syswrite.o)
                0x02010fb4                write
 .text._findenv_r
                0x02011004      0x13c /opt/devkitpro/devkitPPC/lib/gcc/powerpc-eabi/15.2.0/../../../../powerpc-eabi/lib/libc.a(libc_a-getenv_r.o)
                0x02011004                _findenv_r
 .text.memmove  0x02011140      0x254 /opt/devkitpro/devkitPPC/lib/gcc/powerpc-eabi/15.2.0/../../../../powerpc-eabi/lib/libc.a(libc_a-memmove.o)
                0x02011140                memmove
 .text.strdup   0x02011394       0x30 /opt/devkitpro/devkitPPC/lib/gcc/powerpc-eabi/15.2.0/../../../../powerpc-eabi/lib/libc.a(libc_a-strdup.o)
                0x02011394                strdup
 .text._reclaim_reent
                0x020113c4      0x10c /opt/devkitpro/devkitPPC/lib/gcc/powerpc-eabi/15.2.0/../../../../powerpc-eabi/lib/libc.a(libc_a-reent.o)
                0x020113c4                _reclaim_reent
 .text.read     0x020114d0       0x50 /opt/devkitpro/devkitPPC/lib/gcc/powerpc-eabi/15.2.0/../../../../powerpc-eabi/lib/libc.a(libc_a-sysread.o)
                0x020114d0                read
 .text.get_arg  0x02011520      0x7bc /opt/devkitpro/devkitPPC/lib/gcc/powerpc-eabi/15.2.0/../../../../powerpc-eabi/lib/libc.a(libc_a-svfprintf.o)
 .text._svfprintf_r
                0x02011cdc     0x39f8 /opt/devkitpro/devkitPPC/lib/gcc/powerpc-eabi/15.2.0/../../../../powerpc-eabi/lib/libc.a(libc_a-svfprintf.o)
                0x02011cdc                _svfprintf_r
 .text.atexit   0x020156d4       0x14 /opt/devkitpro/devkitPPC/lib/gcc/powerpc-eabi/15.2.0/../../../../powerpc-eabi/lib/libc.a(libc_a-atexit.o)
                0x020156d4                atexit
 .text.stat     0x020156e8       0x40 /opt/devkitpro/devkitPPC/lib/gcc/powerpc-eabi/15.2.0/../../../../powerpc-eabi/lib/libc.a(libc_a-sysstat.o)
                0x020156e8                stat
 .text.strnlen  0x02015728       0xc0 /opt/devkitpro/devkitPPC/lib/gcc/powerpc-eabi/15.2.0/../../../../powerpc-eabi/lib/libc.a(libc_a-strnlen.o)
                0x02015728                strnlen
 .text.strncmp  0x020157e8       0xc8 /opt/devkitpro/devkitPPC/lib/gcc/powerpc-eabi/15.2.0/../../../../powerpc-eabi/lib/libc.a(libc_a-strncmp.o)
                0x020157e8                strncmp
 .text.unlink   0x020158b0       0x30 /opt/devkitpro/devkitPPC/lib/gcc/powerpc-eabi/15.2.0/../../../../powerpc-eabi/lib/libc.a(libc_a-sysunlink.o)
                0x020158b0                unlink
 .text.frexp    0x020158e0       0x90 /opt/devkitpro/devkitPPC/lib/gcc/powerpc-eabi/15.2.0/../../../../powerpc-eabi/lib/libc.a(libm_a-s_frexp.o)
                0x020158e0                frexp
 .text.__env_lock
                0x02015970        0xc /opt/devkitpro/devkitPPC/lib/gcc/powerpc-eabi/15.2.0/../../../../powerpc-eabi/lib/libc.a(libc_a-envlock.o)
                0x02015970                __env_lock
 .text.__env_unlock
                0x0201597c        0xc /opt/devkitpro/devkitPPC/lib/gcc/powerpc-eabi/15.2.0/../../../../powerpc-eabi/lib/libc.a(libc_a-envlock.o)
                0x0201597c                __env_unlock
 .text._strdup_r
                0x02015988       0x70 /opt/devkitpro/devkitPPC/lib/gcc/powerpc-eabi/15.2.0/../../../../powerpc-eabi/lib/libc.a(libc_a-strdup_r.o)
                0x02015988                _strdup_r
 .text._wcrtomb_r
                0x020159f8      0x104 /opt/devkitpro/devkitPPC/lib/gcc/powerpc-eabi/15.2.0/../../../../powerpc-eabi/lib/libc.a(libc_a-wcrtomb.o)
                0x020159f8                _wcrtomb_r
 .text.__ssprint_r
                0x02015afc      0x10c /opt/devkitpro/devkitPPC/lib/gcc/powerpc-eabi/15.2.0/../../../../powerpc-eabi/lib/libc.a(libc_a-ssprint_r.o)
                0x02015afc                __ssprint_r
 .text.__locale_mb_cur_max
                0x02015c08       0x4c /opt/devkitpro/devkitPPC/lib/gcc/powerpc-eabi/15.2.0/../../../../powerpc-eabi/lib/libc.a(libc_a-locale.o)
                0x02015c08                __locale_mb_cur_max
 .text.quorem   0x02015c54      0x340 /opt/devkitpro/devkitPPC/lib/gcc/powerpc-eabi/15.2.0/../../../../powerpc-eabi/lib/libc.a(libc_a-dtoa.o)
 .text._dtoa_r  0x02015f94     0x1720 /opt/devkitpro/devkitPPC/lib/gcc/powerpc-eabi/15.2.0/../../../../powerpc-eabi/lib/libc.a(libc_a-dtoa.o)
                0x02015f94                _dtoa_r
 .text._wcsrtombs_r
                0x020176b4       0x10 /opt/devkitpro/devkitPPC/lib/gcc/powerpc-eabi/15.2.0/../../../../powerpc-eabi/lib/libc.a(libc_a-wcsrtombs.o)
                0x020176b4                _wcsrtombs_r
 .text.__register_exitproc
                0x020176c4       0xf4 /opt/devkitpro/devkitPPC/lib/gcc/powerpc-eabi/15.2.0/../../../../powerpc-eabi/lib/libc.a(libc_a-__atexit.o)
                0x020176c4                __register_exitproc
 .text._localeconv_r
                0x020177b8       0x4c /opt/devkitpro/devkitPPC/lib/gcc/powerpc-eabi/15.2.0/../../../../powerpc-eabi/lib/libc.a(libc_a-localeconv.o)
                0x020177b8                _localeconv_r
 .text.__ssputs_r
                0x02017804      0x194 /opt/devkitpro/devkitPPC/lib/gcc/powerpc-eabi/15.2.0/../../../../powerpc-eabi/lib/libc.a(libc_a-ssputs_r.o)
                0x02017804                __ssputs_r
 .text.__utf8_wctomb
                0x02017998      0x108 /opt/devkitpro/devkitPPC/lib/gcc/powerpc-eabi/15.2.0/../../../../powerpc-eabi/lib/libc.a(libc_a-wctomb_r.o)
                0x02017998                __utf8_wctomb
 .text._wcsnrtombs_l
                0x02017aa0      0x1e4 /opt/devkitpro/devkitPPC/lib/gcc/powerpc-eabi/15.2.0/../../../../powerpc-eabi/lib/libc.a(libc_a-wcsnrtombs.o)
                0x02017aa0                _wcsnrtombs_l
 .text._wcsnrtombs_r
                0x02017c84       0xd8 /opt/devkitpro/devkitPPC/lib/gcc/powerpc-eabi/15.2.0/../../../../powerpc-eabi/lib/libc.a(libc_a-wcsnrtombs.o)
                0x02017c84                _wcsnrtombs_r
 .text._Balloc  0x02017d5c       0xf4 /opt/devkitpro/devkitPPC/lib/gcc/powerpc-eabi/15.2.0/../../../../powerpc-eabi/lib/libc.a(libc_a-mprec.o)
                0x02017d5c                _Balloc
 .text._Bfree   0x02017e50       0x24 /opt/devkitpro/devkitPPC/lib/gcc/powerpc-eabi/15.2.0/../../../../powerpc-eabi/lib/libc.a(libc_a-mprec.o)
                0x02017e50                _Bfree
 .text.__multadd
                0x02017e74      0x174 /opt/devkitpro/devkitPPC/lib/gcc/powerpc-eabi/15.2.0/../../../../powerpc-eabi/lib/libc.a(libc_a-mprec.o)
                0x02017e74                __multadd
 .text.__hi0bits
                0x02017fe8       0x98 /opt/devkitpro/devkitPPC/lib/gcc/powerpc-eabi/15.2.0/../../../../powerpc-eabi/lib/libc.a(libc_a-mprec.o)
                0x02017fe8                __hi0bits
 .text.__lo0bits
                0x02018080      0x10c /opt/devkitpro/devkitPPC/lib/gcc/powerpc-eabi/15.2.0/../../../../powerpc-eabi/lib/libc.a(libc_a-mprec.o)
                0x02018080                __lo0bits
 .text.__i2b    0x0201818c      0x108 /opt/devkitpro/devkitPPC/lib/gcc/powerpc-eabi/15.2.0/../../../../powerpc-eabi/lib/libc.a(libc_a-mprec.o)
                0x0201818c                __i2b
 .text.__multiply
                0x02018294      0x338 /opt/devkitpro/devkitPPC/lib/gcc/powerpc-eabi/15.2.0/../../../../powerpc-eabi/lib/libc.a(libc_a-mprec.o)
                0x02018294                __multiply
 .text.__pow5mult
                0x020185cc      0x19c /opt/devkitpro/devkitPPC/lib/gcc/powerpc-eabi/15.2.0/../../../../powerpc-eabi/lib/libc.a(libc_a-mprec.o)
                0x020185cc                __pow5mult
 .text.__lshift
                0x02018768      0x26c /opt/devkitpro/devkitPPC/lib/gcc/powerpc-eabi/15.2.0/../../../../powerpc-eabi/lib/libc.a(libc_a-mprec.o)
                0x02018768                __lshift
 .text.__mcmp   0x020189d4       0xdc /opt/devkitpro/devkitPPC/lib/gcc/powerpc-eabi/15.2.0/../../../../powerpc-eabi/lib/libc.a(libc_a-mprec.o)
                0x020189d4                __mcmp
 .text.__mdiff  0x02018ab0      0x314 /opt/devkitpro/devkitPPC/lib/gcc/powerpc-eabi/15.2.0/../../../../powerpc-eabi/lib/libc.a(libc_a-mprec.o)
                0x02018ab0                __mdiff
 .text.__d2b    0x02018dc4      0x194 /opt/devkitpro/devkitPPC/lib/gcc/powerpc-eabi/15.2.0/../../../../powerpc-eabi/lib/libc.a(libc_a-mprec.o)
                0x02018dc4                __d2b
 .text.__utf8_mbtowc
                0x02018f58      0x604 /opt/devkitpro/devkitPPC/lib/gcc/powerpc-eabi/15.2.0/../../../../powerpc-eabi/lib/libc.a(libc_a-mbtowc_r.o)
                0x02018f58                __utf8_mbtowc
 .text._open_r  0x0201955c      0x12c /opt/devkitpro/devkitPPC/lib/gcc/powerpc-eabi/15.2.0/../../../../powerpc-eabi/lib/libsysbase.a(libsysbase_libsysbase_a-open.o)
                0x0201955c                _open_r
 .text._read_r  0x02019688       0xd8 /opt/devkitpro/devkitPPC/lib/gcc/powerpc-eabi/15.2.0/../../../../powerpc-eabi/lib/libsysbase.a(libsysbase_libsysbase_a-read.o)
                0x02019688                _read_r
 .text._stat_r  0x02019760       0xc0 /opt/devkitpro/devkitPPC/lib/gcc/powerpc-eabi/15.2.0/../../../../powerpc-eabi/lib/libsysbase.a(libsysbase_libsysbase_a-stat.o)
                0x02019760                _stat_r
 .text._unlink_r
                0x02019820       0xac /opt/devkitpro/devkitPPC/lib/gcc/powerpc-eabi/15.2.0/../../../../powerpc-eabi/lib/libsysbase.a(libsysbase_libsysbase_a-unlink.o)
                0x02019820                _unlink_r
 .text._write_r
                0x020198cc       0xd8 /opt/devkitpro/devkitPPC/lib/gcc/powerpc-eabi/15.2.0/../../../../powerpc-eabi/lib/libsysbase.a(libsysbase_libsysbase_a-write.o)
                0x020198cc                _write_r
 .text.__umoddi3
                0x020199a4      0x384 /opt/devkitpro/devkitPPC/lib/gcc/powerpc-eabi/15.2.0/libgcc.a(_umoddi3.o)
                0x020199a4                __umoddi3
 .text          0x02019d28       0x58 /opt/devkitpro/devkitPPC/lib/gcc/powerpc-eabi/15.2.0/libgcc.a(crtresxgpr.o)
                0x02019d28                _restgpr_14_x
                0x02019d2c                _restgpr_15_x
                0x02019d30                _restgpr_16_x
                0x02019d34                _restgpr_17_x
                0x02019d38                _restgpr_18_x
                0x02019d3c                _restgpr_19_x
                0x02019d40                _restgpr_20_x
                0x02019d44                _restgpr_21_x
                0x02019d48                _restgpr_22_x
                0x02019d4c                _restgpr_23_x
                0x02019d50                _restgpr_24_x
                0x02019d54                _restgpr_25_x
                0x02019d58                _restgpr_26_x
                0x02019d5c                _restgpr_27_x
                0x02019d60                _restgpr_28_x
                0x02019d64                _restgpr_29_x
                0x02019d68                _restgpr_30_x
                0x02019d6c                _restgpr_31_x
 .text.__do_global_ctors_aux
                0x02019d80       0x50 /opt/devkitpro/devkitPPC/lib/gcc/powerpc-eabi/15.2.0/crtend.o
 *(.gnu.warning)
 *(.glink)
 .glink         0x02019dd0        0x0 /opt/devkitpro/devkitPPC/lib/gcc/powerpc-eabi/15.2.0/crtbegin.o
 *(SORT_NONE(.fini))
 .fini          0x02019dd0        0xc /opt/devkitpro/devkitPPC/lib/gcc/powerpc-eabi/15.2.0/ecrti.o
                0x02019dd0                __fini
 .fini          0x02019ddc        0x4 /opt/devkitpro/devkitPPC/lib/gcc/powerpc-eabi/15.2.0/crtbegin.o
 .fini          0x02019de0       0x10 /opt/devkitpro/devkitPPC/lib/gcc/powerpc-eabi/15.2.0/ecrtn.o
                0x10000000                        . = ORIGIN (datamem)

.rodata         0x10000000     0x1888
 *(.sdata2 .sdata2.* .gnu.linkonce.s2.*)
 .sdata2        0x10000000        0x0 /opt/devkitpro/devkitPPC/lib/gcc/powerpc-eabi/15.2.0/crtbegin.o
                0x10008000                _SDA2_BASE_
 *(.sbss2 .sbss2.* .gnu.linkonce.sb2.*)
 *(.rodata .rodata.* .gnu.linkonce.r.*)
 .rodata.str1.4
                0x10000000      0x6d1 main.o
                                 0xe2 (size before relaxing)
 .rodata._ZNSt7__cxx1112basic_stringIcSt11char_traitsIcESaIcEE6appendEPKcj.str1.4
                0x100006d1        0x0 main.o
                                 0x30 (size before relaxing)
 *fill*         0x100006d1        0x3 
 .rodata        0x100006d4       0x24 main.o
 .rodata.WUPSConfigAPI_GetVersion.str1.4
                0x100006f8        0x0 /opt/devkitpro/wups/lib/libwups.a(config_api.o)
                                 0x31 (size before relaxing)
 .rodata.WUPSConfigAPI_InitLibrary_Internal.str1.4
                0x100006f8        0x0 /opt/devkitpro/wups/lib/libwups.a(config_api.o)
                                0x109 (size before relaxing)
 .rodata.__wups_start.str1.4
                0x100006f8        0x0 /opt/devkitpro/wups/lib/libwups.a(main.o)
                                 0x38 (size before relaxing)
 .rodata.wut_get_thread_specific.str1.4
                0x100006f8        0x0 /opt/devkitpro/wups/lib/libwups.a(main.o)
                                 0x59 (size before relaxing)
 .rodata.abort.str1.4
                0x100006f8        0x0 /opt/devkitpro/wups/lib/libwups.a(main.o)
                                 0x47 (size before relaxing)
 .rodata.__assert_func.str1.4
                0x100006f8        0x0 /opt/devkitpro/wups/lib/libwups.a(main.o)
                                 0x68 (size before relaxing)
 .rodata.WUPSReentAPI_InitInternal.str1.4
                0x100006f8        0x0 /opt/devkitpro/wups/lib/libwups.a(wups_reent.o)
                                 0x1f (size before relaxing)
 .rodata._Z15__wups_getreentv.str1.4
                0x100006f8        0x0 /opt/devkitpro/wups/lib/libwups.a(wups_reent.o)
                                 0x38 (size before relaxing)
 .rodata._ZL14sReentPluginId
                0x100006f8        0x4 /opt/devkitpro/wups/lib/libwups.a(wups_reent.o)
 .rodata.__init_wut_devoptab.str1.4
                0x100006fc        0x0 /opt/devkitpro/wut/lib/libwut.a(devoptab_fsa.o)
                                 0x33 (size before relaxing)
 .rodata.str1.4
                0x100006fc        0x0 /opt/devkitpro/wut/lib/libwut.a(devoptab_fsa.o)
                                  0x3 (size before relaxing)
 .rodata._ZL18__wut_fsa_devoptab
                0x100006fc       0x80 /opt/devkitpro/wut/lib/libwut.a(devoptab_fsa.o)
 .rodata.__wut_fsa_dirnext.str1.4
                0x1000077c        0x0 /opt/devkitpro/wut/lib/libwut.a(devoptab_fsa_dirnext.o)
                                  0xb (size before relaxing)
 .rodata.__wut_fsa_diropen.str1.4
                0x1000077c        0x0 /opt/devkitpro/wut/lib/libwut.a(devoptab_fsa_diropen.o)
                                  0x3 (size before relaxing)
 .rodata.__wut_fsa_open.str1.4
                0x1000077c        0x0 /opt/devkitpro/wut/lib/libwut.a(devoptab_fsa_open.o)
                                 0x1b (size before relaxing)
 .rodata.__wut_fsa_fixpath.str1.4
                0x1000077c        0x0 /opt/devkitpro/wut/lib/libwut.a(devoptab_fsa_utils.o)
                                  0xb (size before relaxing)
 .rodata.CSWTCH.24
                0x1000077c       0x42 /opt/devkitpro/wut/lib/libwut.a(devoptab_fsa_utils.o)
 .rodata.__wut_fsa_chdir.str1.4
                0x100007be        0x0 /opt/devkitpro/wut/lib/libwut.a(devoptab_fsa_chdir.o)
                                  0x3 (size before relaxing)
 *fill*         0x100007be        0x2 
 .rodata._ZTSN10__cxxabiv117__class_type_infoE
                0x100007c0       0x22 /opt/devkitpro/devkitPPC/lib/gcc/powerpc-eabi/15.2.0/../../../../powerpc-eabi/lib/libstdc++.a(class_type_info.o)
                0x100007c0                _ZTSN10__cxxabiv117__class_type_infoE
 *fill*         0x100007e2        0x2 
 .rodata._ZTIN10__cxxabiv117__class_type_infoE
                0x100007e4        0xc /opt/devkitpro/devkitPPC/lib/gcc/powerpc-eabi/15.2.0/../../../../powerpc-eabi/lib/libstdc++.a(class_type_info.o)
                0x100007e4                _ZTIN10__cxxabiv117__class_type_infoE
 .rodata._ZTVN10__cxxabiv117__class_type_infoE
                0x100007f0       0x2c /opt/devkitpro/devkitPPC/lib/gcc/powerpc-eabi/15.2.0/../../../../powerpc-eabi/lib/libstdc++.a(class_type_info.o)
                0x100007f0                _ZTVN10__cxxabiv117__class_type_infoE
 .rodata._ZNK9__gnu_cxx24__concurrence_lock_error4whatEv.str1.4
                0x1000081c        0x0 /opt/devkitpro/devkitPPC/lib/gcc/powerpc-eabi/15.2.0/../../../../powerpc-eabi/lib/libstdc++.a(eh_alloc.o)
                                 0x24 (size before relaxing)
 .rodata._ZNK9__gnu_cxx26__concurrence_unlock_error4whatEv.str1.4
                0x1000081c        0x0 /opt/devkitpro/devkitPPC/lib/gcc/powerpc-eabi/15.2.0/../../../../powerpc-eabi/lib/libstdc++.a(eh_alloc.o)
                                 0x26 (size before relaxing)
 .rodata._GLOBAL__sub_I__ZN9__gnu_cxx9__freeresEv.str1.4
                0x1000081c        0x0 /opt/devkitpro/devkitPPC/lib/gcc/powerpc-eabi/15.2.0/../../../../powerpc-eabi/lib/libstdc++.a(eh_alloc.o)
                                 0x3c (size before relaxing)
 .rodata._ZTSN9__gnu_cxx24__concurrence_lock_errorE
                0x1000081c       0x27 /opt/devkitpro/devkitPPC/lib/gcc/powerpc-eabi/15.2.0/../../../../powerpc-eabi/lib/libstdc++.a(eh_alloc.o)
                0x1000081c                _ZTSN9__gnu_cxx24__concurrence_lock_errorE
 *fill*         0x10000843        0x1 
 .rodata._ZTIN9__gnu_cxx24__concurrence_lock_errorE
                0x10000844        0xc /opt/devkitpro/devkitPPC/lib/gcc/powerpc-eabi/15.2.0/../../../../powerpc-eabi/lib/libstdc++.a(eh_alloc.o)
                0x10000844                _ZTIN9__gnu_cxx24__concurrence_lock_errorE
 .rodata._ZTSN9__gnu_cxx26__concurrence_unlock_errorE
                0x10000850       0x29 /opt/devkitpro/devkitPPC/lib/gcc/powerpc-eabi/15.2.0/../../../../powerpc-eabi/lib/libstdc++.a(eh_alloc.o)
                0x10000850                _ZTSN9__gnu_cxx26__concurrence_unlock_errorE
 *fill*         0x10000879        0x3 
 .rodata._ZTIN9__gnu_cxx26__concurrence_unlock_errorE
                0x1000087c        0xc /opt/devkitpro/devkitPPC/lib/gcc/powerpc-eabi/15.2.0/../../../../powerpc-eabi/lib/libstdc++.a(eh_alloc.o)
                0x1000087c                _ZTIN9__gnu_cxx26__concurrence_unlock_errorE
 .rodata._ZTVN9__gnu_cxx24__concurrence_lock_errorE
                0x10000888       0x14 /opt/devkitpro/devkitPPC/lib/gcc/powerpc-eabi/15.2.0/../../../../powerpc-eabi/lib/libstdc++.a(eh_alloc.o)
                0x10000888                _ZTVN9__gnu_cxx24__concurrence_lock_errorE
 .rodata._ZTVN9__gnu_cxx26__concurrence_unlock_errorE
                0x1000089c       0x14 /opt/devkitpro/devkitPPC/lib/gcc/powerpc-eabi/15.2.0/../../../../powerpc-eabi/lib/libstdc++.a(eh_alloc.o)
                0x1000089c                _ZTVN9__gnu_cxx26__concurrence_unlock_errorE
 .rodata._ZTSSt9exception
                0x100008b0        0xd /opt/devkitpro/devkitPPC/lib/gcc/powerpc-eabi/15.2.0/../../../../powerpc-eabi/lib/libstdc++.a(eh_exception.o)
                0x100008b0                _ZTSSt9exception
 *fill*         0x100008bd        0x3 
 .rodata._ZTSN10__cxxabiv115__forced_unwindE
                0x100008c0       0x20 /opt/devkitpro/devkitPPC/lib/gcc/powerpc-eabi/15.2.0/../../../../powerpc-eabi/lib/libstdc++.a(eh_exception.o)
                0x100008c0                _ZTSN10__cxxabiv115__forced_unwindE
 .rodata._ZTSN10__cxxabiv119__foreign_exceptionE
                0x100008e0       0x24 /opt/devkitpro/devkitPPC/lib/gcc/powerpc-eabi/15.2.0/../../../../powerpc-eabi/lib/libstdc++.a(eh_exception.o)
                0x100008e0                _ZTSN10__cxxabiv119__foreign_exceptionE
 .rodata._ZL28read_encoded_value_with_basehjPKhPj
                0x10000904       0x34 /opt/devkitpro/devkitPPC/lib/gcc/powerpc-eabi/15.2.0/../../../../powerpc-eabi/lib/libstdc++.a(eh_personality.o)
 .rodata._ZNK9__gnu_cxx29__concurrence_broadcast_error4whatEv.str1.4
                0x10000938        0x0 /opt/devkitpro/devkitPPC/lib/gcc/powerpc-eabi/15.2.0/../../../../powerpc-eabi/lib/libstdc++.a(guard.o)
                                 0x29 (size before relaxing)
 .rodata._ZNK9__gnu_cxx24__concurrence_wait_error4whatEv.str1.4
                0x10000938        0x0 /opt/devkitpro/devkitPPC/lib/gcc/powerpc-eabi/15.2.0/../../../../powerpc-eabi/lib/libstdc++.a(guard.o)
                                 0x24 (size before relaxing)
 .rodata._ZTSN9__gnu_cxx29__concurrence_broadcast_errorE
                0x10000938       0x2c /opt/devkitpro/devkitPPC/lib/gcc/powerpc-eabi/15.2.0/../../../../powerpc-eabi/lib/libstdc++.a(guard.o)
                0x10000938                _ZTSN9__gnu_cxx29__concurrence_broadcast_errorE
 .rodata._ZTIN9__gnu_cxx29__concurrence_broadcast_errorE
                0x10000964        0xc /opt/devkitpro/devkitPPC/lib/gcc/powerpc-eabi/15.2.0/../../../../powerpc-eabi/lib/libstdc++.a(guard.o)
                0x10000964                _ZTIN9__gnu_cxx29__concurrence_broadcast_errorE
 .rodata._ZTSN9__gnu_cxx24__concurrence_wait_errorE
                0x10000970       0x27 /opt/devkitpro/devkitPPC/lib/gcc/powerpc-eabi/15.2.0/../../../../powerpc-eabi/lib/libstdc++.a(guard.o)
                0x10000970                _ZTSN9__gnu_cxx24__concurrence_wait_errorE
 *fill*         0x10000997        0x1 
 .rodata._ZTIN9__gnu_cxx24__concurrence_wait_errorE
                0x10000998        0xc /opt/devkitpro/devkitPPC/lib/gcc/powerpc-eabi/15.2.0/../../../../powerpc-eabi/lib/libstdc++.a(guard.o)
                0x10000998                _ZTIN9__gnu_cxx24__concurrence_wait_errorE
 .rodata._ZTVN9__gnu_cxx29__concurrence_broadcast_errorE
                0x100009a4       0x14 /opt/devkitpro/devkitPPC/lib/gcc/powerpc-eabi/15.2.0/../../../../powerpc-eabi/lib/libstdc++.a(guard.o)
                0x100009a4                _ZTVN9__gnu_cxx29__concurrence_broadcast_errorE
 .rodata._ZTVN9__gnu_cxx24__concurrence_wait_errorE
                0x100009b8       0x14 /opt/devkitpro/devkitPPC/lib/gcc/powerpc-eabi/15.2.0/../../../../powerpc-eabi/lib/libstdc++.a(guard.o)
                0x100009b8                _ZTVN9__gnu_cxx24__concurrence_wait_errorE
 .rodata._ZTSN10__cxxabiv120__si_class_type_infoE
                0x100009cc       0x25 /opt/devkitpro/devkitPPC/lib/gcc/powerpc-eabi/15.2.0/../../../../powerpc-eabi/lib/libstdc++.a(si_class_type_info.o)
                0x100009cc                _ZTSN10__cxxabiv120__si_class_type_infoE
 *fill*         0x100009f1        0x3 
 .rodata._ZTIN10__cxxabiv120__si_class_type_infoE
                0x100009f4        0xc /opt/devkitpro/devkitPPC/lib/gcc/powerpc-eabi/15.2.0/../../../../powerpc-eabi/lib/libstdc++.a(si_class_type_info.o)
                0x100009f4                _ZTIN10__cxxabiv120__si_class_type_infoE
 .rodata._ZTVN10__cxxabiv120__si_class_type_infoE
                0x10000a00       0x2c /opt/devkitpro/devkitPPC/lib/gcc/powerpc-eabi/15.2.0/../../../../powerpc-eabi/lib/libstdc++.a(si_class_type_info.o)
                0x10000a00                _ZTVN10__cxxabiv120__si_class_type_infoE
 .rodata._ZTSSt9type_info
                0x10000a2c        0xd /opt/devkitpro/devkitPPC/lib/gcc/powerpc-eabi/15.2.0/../../../../powerpc-eabi/lib/libstdc++.a(tinfo.o)
                0x10000a2c                _ZTSSt9type_info
 *fill*         0x10000a39        0x3 
 .rodata._ZTSSt11logic_error
                0x10000a3c       0x10 /opt/devkitpro/devkitPPC/lib/gcc/powerpc-eabi/15.2.0/../../../../powerpc-eabi/lib/libstdc++.a(stdexcept.o)
                0x10000a3c                _ZTSSt11logic_error
 .rodata._ZTISt11logic_error
                0x10000a4c        0xc /opt/devkitpro/devkitPPC/lib/gcc/powerpc-eabi/15.2.0/../../../../powerpc-eabi/lib/libstdc++.a(stdexcept.o)
                0x10000a4c                _ZTISt11logic_error
 .rodata._ZTSSt12length_error
                0x10000a58       0x11 /opt/devkitpro/devkitPPC/lib/gcc/powerpc-eabi/15.2.0/../../../../powerpc-eabi/lib/libstdc++.a(stdexcept.o)
                0x10000a58                _ZTSSt12length_error
 *fill*         0x10000a69        0x3 
 .rodata._ZTISt12length_error
                0x10000a6c        0xc /opt/devkitpro/devkitPPC/lib/gcc/powerpc-eabi/15.2.0/../../../../powerpc-eabi/lib/libstdc++.a(stdexcept.o)
                0x10000a6c                _ZTISt12length_error
 .rodata._ZTVSt11logic_error
                0x10000a78       0x14 /opt/devkitpro/devkitPPC/lib/gcc/powerpc-eabi/15.2.0/../../../../powerpc-eabi/lib/libstdc++.a(stdexcept.o)
                0x10000a78                _ZTVSt11logic_error
 .rodata._ZTVSt12length_error
                0x10000a8c       0x14 /opt/devkitpro/devkitPPC/lib/gcc/powerpc-eabi/15.2.0/../../../../powerpc-eabi/lib/libstdc++.a(stdexcept.o)
                0x10000a8c                _ZTVSt12length_error
 .rodata._ZNSs4_Rep9_S_createEjjRKSaIcE.str1.4
                0x10000aa0        0x0 /opt/devkitpro/devkitPPC/lib/gcc/powerpc-eabi/15.2.0/../../../../powerpc-eabi/lib/libstdc++.a(cow-string-inst.o)
                                 0x18 (size before relaxing)
 .rodata._ZNKSt9bad_alloc4whatEv.str1.4
                0x10000aa0        0x0 /opt/devkitpro/devkitPPC/lib/gcc/powerpc-eabi/15.2.0/../../../../powerpc-eabi/lib/libstdc++.a(bad_alloc.o)
                                  0xf (size before relaxing)
 .rodata._ZTSSt9bad_alloc
                0x10000aa0        0xd /opt/devkitpro/devkitPPC/lib/gcc/powerpc-eabi/15.2.0/../../../../powerpc-eabi/lib/libstdc++.a(bad_alloc.o)
                0x10000aa0                _ZTSSt9bad_alloc
 *fill*         0x10000aad        0x3 
 .rodata._ZTISt9bad_alloc
                0x10000ab0        0xc /opt/devkitpro/devkitPPC/lib/gcc/powerpc-eabi/15.2.0/../../../../powerpc-eabi/lib/libstdc++.a(bad_alloc.o)
                0x10000ab0                _ZTISt9bad_alloc
 .rodata._ZTVSt9bad_alloc
                0x10000abc       0x14 /opt/devkitpro/devkitPPC/lib/gcc/powerpc-eabi/15.2.0/../../../../powerpc-eabi/lib/libstdc++.a(bad_alloc.o)
                0x10000abc                _ZTVSt9bad_alloc
 .rodata._ZNSt11logic_errorC2EPKc.str1.4
                0x10000ad0        0x0 /opt/devkitpro/devkitPPC/lib/gcc/powerpc-eabi/15.2.0/../../../../powerpc-eabi/lib/libstdc++.a(cow-stdexcept.o)
                                 0x2a (size before relaxing)
 .rodata.read_encoded_value
                0x10000ad0       0x34 /opt/devkitpro/devkitPPC/lib/gcc/powerpc-eabi/15.2.0/libgcc.a(unwind-dw2.o)
 .rodata.execute_stack_op
                0x10000b04      0x29c /opt/devkitpro/devkitPPC/lib/gcc/powerpc-eabi/15.2.0/libgcc.a(unwind-dw2.o)
 .rodata.uw_update_context_1
                0x10000da0       0x18 /opt/devkitpro/devkitPPC/lib/gcc/powerpc-eabi/15.2.0/libgcc.a(unwind-dw2.o)
 .rodata.execute_cfa_program_specialized
                0x10000db8       0xc0 /opt/devkitpro/devkitPPC/lib/gcc/powerpc-eabi/15.2.0/libgcc.a(unwind-dw2.o)
 .rodata.execute_cfa_program_generic
                0x10000e78       0xc0 /opt/devkitpro/devkitPPC/lib/gcc/powerpc-eabi/15.2.0/libgcc.a(unwind-dw2.o)
 .rodata.read_encoded_value_with_base
                0x10000f38       0x34 /opt/devkitpro/devkitPPC/lib/gcc/powerpc-eabi/15.2.0/libgcc.a(unwind-dw2-fde.o)
 .rodata.terminator.0
                0x10000f6c        0x8 /opt/devkitpro/devkitPPC/lib/gcc/powerpc-eabi/15.2.0/libgcc.a(unwind-dw2-fde.o)
 .rodata.str1.4
                0x10000f74        0x0 /opt/devkitpro/devkitPPC/lib/gcc/powerpc-eabi/15.2.0/../../../../powerpc-eabi/lib/libsysbase.a(libsysbase_libsysbase_a-iosupport.o)
                                  0x8 (size before relaxing)
 .rodata.dotab_stdnull
                0x10000f74       0x80 /opt/devkitpro/devkitPPC/lib/gcc/powerpc-eabi/15.2.0/../../../../powerpc-eabi/lib/libsysbase.a(libsysbase_libsysbase_a-iosupport.o)
                0x10000f74                dotab_stdnull
 .rodata.get_arg
                0x10000ff4       0xb0 /opt/devkitpro/devkitPPC/lib/gcc/powerpc-eabi/15.2.0/../../../../powerpc-eabi/lib/libc.a(libc_a-svfprintf.o)
 .rodata._svfprintf_r.str1.1
                0x100010a4       0x3b /opt/devkitpro/devkitPPC/lib/gcc/powerpc-eabi/15.2.0/../../../../powerpc-eabi/lib/libc.a(libc_a-svfprintf.o)
 *fill*         0x100010df        0x1 
 .rodata._svfprintf_r
                0x100010e0      0x16c /opt/devkitpro/devkitPPC/lib/gcc/powerpc-eabi/15.2.0/../../../../powerpc-eabi/lib/libc.a(libc_a-svfprintf.o)
 .rodata.zeroes.0
                0x1000124c       0x10 /opt/devkitpro/devkitPPC/lib/gcc/powerpc-eabi/15.2.0/../../../../powerpc-eabi/lib/libc.a(libc_a-svfprintf.o)
 .rodata.blanks.1
                0x1000125c       0x10 /opt/devkitpro/devkitPPC/lib/gcc/powerpc-eabi/15.2.0/../../../../powerpc-eabi/lib/libc.a(libc_a-svfprintf.o)
 .rodata.cst4   0x1000126c       0x30 /opt/devkitpro/devkitPPC/lib/gcc/powerpc-eabi/15.2.0/../../../../powerpc-eabi/lib/libc.a(libc_a-svfprintf.o)
                                 0x14 (size before relaxing)
 *fill*         0x1000129c        0x4 
 .rodata.cst8   0x100012a0       0x20 /opt/devkitpro/devkitPPC/lib/gcc/powerpc-eabi/15.2.0/../../../../powerpc-eabi/lib/libc.a(libc_a-svfprintf.o)
                                  0x8 (size before relaxing)
 .rodata._ctype_
                0x100012c0      0x101 /opt/devkitpro/devkitPPC/lib/gcc/powerpc-eabi/15.2.0/../../../../powerpc-eabi/lib/libc.a(libc_a-ctype_.o)
                0x100012c0                _ctype_
 .rodata.cst4   0x100013c1        0x0 /opt/devkitpro/devkitPPC/lib/gcc/powerpc-eabi/15.2.0/../../../../powerpc-eabi/lib/libc.a(libm_a-s_frexp.o)
                                  0x4 (size before relaxing)
 *fill*         0x100013c1        0x3 
 .rodata.__action_table
                0x100013c4       0x6c /opt/devkitpro/devkitPPC/lib/gcc/powerpc-eabi/15.2.0/../../../../powerpc-eabi/lib/libc.a(libc_a-svfiprintf.o)
                0x100013c4                __action_table
 .rodata.__state_table
                0x10001430       0x6c /opt/devkitpro/devkitPPC/lib/gcc/powerpc-eabi/15.2.0/../../../../powerpc-eabi/lib/libc.a(libc_a-svfiprintf.o)
                0x10001430                __state_table
 .rodata.__chclass
                0x1000149c      0x100 /opt/devkitpro/devkitPPC/lib/gcc/powerpc-eabi/15.2.0/../../../../powerpc-eabi/lib/libc.a(libc_a-svfiprintf.o)
                0x1000149c                __chclass
 .rodata.str1.4
                0x1000159c        0x0 /opt/devkitpro/devkitPPC/lib/gcc/powerpc-eabi/15.2.0/../../../../powerpc-eabi/lib/libc.a(libc_a-locale.o)
                                 0x4c (size before relaxing)
 .rodata._dtoa_r.str1.4
                0x1000159c        0x0 /opt/devkitpro/devkitPPC/lib/gcc/powerpc-eabi/15.2.0/../../../../powerpc-eabi/lib/libc.a(libc_a-dtoa.o)
                                 0x9c (size before relaxing)
 .rodata.cst4   0x1000159c        0x0 /opt/devkitpro/devkitPPC/lib/gcc/powerpc-eabi/15.2.0/../../../../powerpc-eabi/lib/libc.a(libc_a-dtoa.o)
                                 0x24 (size before relaxing)
 .rodata.cst8   0x1000159c        0x0 /opt/devkitpro/devkitPPC/lib/gcc/powerpc-eabi/15.2.0/../../../../powerpc-eabi/lib/libc.a(libc_a-dtoa.o)
                                 0x18 (size before relaxing)
 .rodata.__multadd.str1.4
                0x1000159c        0x0 /opt/devkitpro/devkitPPC/lib/gcc/powerpc-eabi/15.2.0/../../../../powerpc-eabi/lib/libc.a(libc_a-mprec.o)
                                 0x89 (size before relaxing)
 .rodata.p05.0  0x1000159c        0xc /opt/devkitpro/devkitPPC/lib/gcc/powerpc-eabi/15.2.0/../../../../powerpc-eabi/lib/libc.a(libc_a-mprec.o)
 .rodata.__mprec_bigtens
                0x100015a8       0x28 /opt/devkitpro/devkitPPC/lib/gcc/powerpc-eabi/15.2.0/../../../../powerpc-eabi/lib/libc.a(libc_a-mprec.o)
                0x100015a8                __mprec_bigtens
 .rodata.__mprec_tens
                0x100015d0       0xc8 /opt/devkitpro/devkitPPC/lib/gcc/powerpc-eabi/15.2.0/../../../../powerpc-eabi/lib/libc.a(libc_a-mprec.o)
                0x100015d0                __mprec_tens
 *(.rodata1)
 *(.gcc_except_table .gcc_except_table.*)
 .gcc_except_table._Z8CopyFileRKNSt7__cxx1112basic_stringIcSt11char_traitsIcESaIcEEES6_
                0x10001698       0x14 main.o
 .gcc_except_table._Z24ConfigMenuOpenedCallback24WUPSConfigCategoryHandle
                0x100016ac       0x14 main.o
 .gcc_except_table._Z18WipeAllClientFilesv
                0x100016c0       0x50 main.o
 .gcc_except_table._Z11ScanClientsv
                0x10001710       0x43 main.o
 .gcc_except_table._Z13InstallClientRKNSt7__cxx1112basic_stringIcSt11char_traitsIcESaIcEEE
                0x10001753       0x62 main.o
 .gcc_except_table._ZL16WorkerThreadProciPPKc