         w socket_lib_init
         w __syscall_tls_create
         w __syscall_tls_delete
         w __syscall_tls_get
         w __syscall_tls_set
         w __wut_socket_fini_devoptab
         w __wut_socket_init_devoptab
02000000 T __init
02000024 000000a4 W abort
020000d8 00000034 W __gnu_cxx::__throw_concurrence_lock_error()
0200010c 00000034 W __gnu_cxx::__throw_concurrence_unlock_error()
02000140 00000024 T std::terminate()
02000164 00000024 T std::unexpected()
02000188 00000034 W __gnu_cxx::__throw_concurrence_broadcast_error()
020001bc 00000058 T std::__throw_logic_error(char const*)
02000214 00000058 T std::__throw_length_error(char const*)
0200026c 00000058 T __cxa_call_terminate
020002c4 00000014 t _GLOBAL__sub_D__ZN9__gnu_cxx9__freeresEv
020002d8 00000040 t _GLOBAL__sub_D__ZN17__eh_globals_init7_S_initE
02000318 00000258 t _GLOBAL__sub_I__ZN9__gnu_cxx9__freeresEv
02000570 00000040 t _GLOBAL__sub_I__ZN17__eh_globals_init7_S_initE
020005b0 0000000c t register_fini
020005bc t __do_global_dtors_aux
02000688 t frame_dummy
020006ac 00000004 T on_init_wut_stdcpp()
020006b0 00000018 t ClientAction_getCurrentValueDisplay(void*, char*, int)
020006c8 00000004 T on_init_wut_malloc()
020006cc 00000004 T on_fini_wut_malloc()
020006d0 00000014 T on_init_wut_sockets()
020006e4 00000014 T on_fini_wut_sockets()
020006f8 00000004 T on_init_wut_newlib()
020006fc 00000004 T on_fini_wut_newlib()
02000700 00000004 T on_init_wut_thread()
02000704 00000040 T __init_wrapper()
02000754 00000004 T __fini_wrapper()
02000758 00000038 T wups_init_config_functions(wups_loader_init_config_args_t)
02000790 00000034 T wups_init_button_combo_functions(wups_loader_init_button_combo_args_t_)
020007c4 00000040 T wups_init_reent_functions(wups_loader_init_reent_args_t_)
02000804 00000034 T init_storage(wups_loader_init_storage_args_t_)
02000838 00000004 T on_init_wut_devoptab()
0200083c 00000004 T on_fini_wut_devoptab()
02000840 00000038 t ClientAction_getCurrentValueSelectedDisplay(void*, char*, int)
02000878 00000008 T ConfigMenuClosedCallback()
02000880 00000074 t ClientAction_onInput(void*, WUPSConfigSimplePadData)
02000914 00000004 T on_fini_wut_stdcpp()
02000918 000000d8 t __tcf_ZZL18GetDetectedClientsvE8instance
020009f0 00000068 t ClientAction_onDelete(void*)
02000a58 000001c4 T CopyFile(std::__cxx11::basic_string<char, std::char_traits<char>, std::allocator<char> > const&, std::__cxx11::basic_string<char, std::char_traits<char>, std::allocator<char> > const&)
02000c1c 00000218 T ClientAction_Create(char const*, char const*, std::__cxx11::basic_string<char, std::char_traits<char>, std::allocator<char> > const&, WUPSConfigItemHandle*)
02000e34 00000020 W std::__cxx11::basic_string<char, std::char_traits<char>, std::allocator<char> >::_M_dispose()
02000e54 000001d8 T ConfigMenuOpenedCallback(WUPSConfigCategoryHandle)
0200102c 000003e8 W std::__cxx11::basic_string<char, std::char_traits<char>, std::allocator<char> >::append(char const*, unsigned int)
02001414 000003bc W std::__cxx11::basic_string<char, std::char_traits<char>, std::allocator<char> >::_M_append(char const*, unsigned int)
020017d0 000005a0 T WipeAllClientFiles()
02001d70 00000a54 T ScanClients()
020027c4 00000044 T init_plugin()
02002808 000006dc T InstallClient(std::__cxx11::basic_string<char, std::char_traits<char>, std::allocator<char> > const&)
02002ee4 00000124 t WorkerThreadProc(int, char const**)
02003038 000000c4 T WUPSButtonComboAPI_InitInternal
020030fc 000000b4 T WUPSConfigAPI_GetVersion
020031d0 00000220 T WUPSConfigAPI_InitLibrary_Internal
02003410 000000ac T WUPSConfigAPI_Init
020034bc 0000008c T WUPSConfigAPI_Category_AddItem
02003548 0000009c T WUPSConfigAPI_Item_CreateEx
020035e4 0000000c T __wups_start
02003600 00000060 W __init_wut_socket
02003660 0000005c W __fini_wut_socket
020036bc 00000004 T __getreent
020036c0 0000005c W wut_get_thread_specific
0200373c 00000134 W __assert_func
02003880 000000a4 T WUPSStorageAPI_InitInternal
02003924 00000034 T WUPSStorageAPI_SaveStorage
02003958 00000004 T WUPSStorageAPI::SaveStorage(bool)
0200395c 0000004c t reclaim_reent_trampoline(void*)
020039a8 00000034 T WUPSReentAPI_InitInternal
020039ec 000001a4 T __wups_getreent()
02003bb0 00000014 T __init_wut_newlib
02003bc4 00000004 T __fini_wut_newlib
02003bc8 00000078 T __fini_wut_sbrk_heap
02003c50 0000002c t __wut_cond_alarmcb
02003c9c 00000030 T __init_wut_thread
02003cdc 000000ac T __syscall_lock_acquire
02003dc8 000000ac T __syscall_lock_release
02003eb4 000000ac T __syscall_lock_acquire_recursive
02003fa0 000000ac T __syscall_lock_release_recursive
0200408c 000000c4 T __syscall_cond_broadcast
02004190 000002cc T __syscall_cond_wait
020044fc 00000004 T __syscall_cond_wait_recursive
02004500 00000004 T __init_wut_malloc
02004504 00000004 T __fini_wut_malloc
02004508 0000006c T _malloc_r
02004574 00000018 T _free_r
0200458c 000000e0 T _realloc_r
0200467c 0000009c T _calloc_r
02004718 00000070 T _memalign_r
02004788 000001bc T __init_wut_devoptab
02004994 0000008c T __fini_wut_devoptab
02004a40 000000a0 T __wut_fsa_dirclose
02004b10 000001ac T __wut_fsa_dirnext
02004cec 0000017c T __wut_fsa_diropen
02004ea8 000000a0 T __wut_fsa_dirreset
02004f78 000000d4 T __wut_fsa_fstat
0200507c 0000009c T __wut_fsa_fsync
02005148 000000e0 T __wut_fsa_mkdir
02005238 000004cc T __wut_fsa_open
02005774 000001bc T __wut_fsa_read
02005960 00000114 T __wut_fsa_rename
02005a84 000000c4 T __wut_fsa_rmdir
02005b58 00000188 T __wut_fsa_seek
02005d20 00000118 T __wut_fsa_stat
02005e48 00000168 T __wut_fsa_statvfs
02005fc0 000000c8 T __wut_fsa_ftruncate
020060c8 000000c4 T __wut_fsa_unlink
0200619c 00000040 T __wut_fsa_hashstring
020061dc 00000368 T __wut_fsa_fixpath
02006544 0000007c T __wut_fsa_translate_stat_mode
020065c0 00000144 T __wut_fsa_translate_stat
02006704 00000028 T __wut_fsa_translate_error
0200672c 000001d4 T __wut_fsa_write
02006930 0000011c T __wut_fsa_chdir
02006a5c 000000e0 T __wut_fsa_chmod
02006b4c 0000009c T __wut_fsa_close
02006c18 0000007c T __cxxabiv1::__class_type_info::__do_upcast(__cxxabiv1::__class_type_info const*, void**) const
02006c94 00000018 T __cxxabiv1::__class_type_info::__do_find_public_src(int, void const*, __cxxabiv1::__class_type_info const*, void const*) const
02006cac 00000010 T __cxxabiv1::__class_type_info::~__class_type_info()
02006cac 00000010 T __cxxabiv1::__class_type_info::~__class_type_info()
02006cbc 00000040 T __cxxabiv1::__class_type_info::~__class_type_info()
02006cfc 00000090 T __cxxabiv1::__class_type_info::__do_upcast(__cxxabiv1::__class_type_info const*, void const*, __cxxabiv1::__class_type_info::__upcast_result&) const
02006d8c 00000100 T __cxxabiv1::__class_type_info::__do_catch(std::type_info const*, void**, unsigned int) const
02006e8c 00000134 T __cxxabiv1::__class_type_info::__do_dyncast(int, __cxxabiv1::__class_type_info::__sub_kind, __cxxabiv1::__class_type_info const*, void const*, __cxxabiv1::__class_type_info const*, void const*, __cxxabiv1::__class_type_info::__dyncast_result&) const
02006fc0 00000004 T operator delete(void*, unsigned int)
02006fc4 0000000c W __gnu_cxx::__concurrence_lock_error::what() const
02006fd0 0000000c W __gnu_cxx::__concurrence_unlock_error::what() const
02006fdc 00000010 W __gnu_cxx::__concurrence_lock_error::~__concurrence_lock_error()
02006fdc 00000010 W __gnu_cxx::__concurrence_lock_error::~__concurrence_lock_error()
02006fec 00000040 W __gnu_cxx::__concurrence_lock_error::~__concurrence_lock_error()
0200702c 00000010 W __gnu_cxx::__concurrence_unlock_error::~__concurrence_unlock_error()
0200702c 00000010 W __gnu_cxx::__concurrence_unlock_error::~__concurrence_unlock_error()
0200703c 00000040 W __gnu_cxx::__concurrence_unlock_error::~__concurrence_unlock_error()
0200707c 00000134 t (anonymous namespace)::pool::free(void*) [clone .constprop.0]
020071b0 000000fc t (anonymous namespace)::pool::allocate(unsigned int) [clone .constprop.0]
020072ac 00000068 T __cxa_allocate_exception
02007314 00000030 T __cxa_free_exception
02007344 00000004 T std::exception::~exception()
02007344 00000004 T std::exception::~exception()
02007348 00000098 t get_adjusted_ptr(std::type_info const*, std::type_info const*, void**)
020073e0 0000013c t read_encoded_value_with_base(unsigned char, unsigned int, unsigned char const*, unsigned int*)
0200751c 00000068 t base_of_encoded_value(unsigned char, _Unwind_Context*)
02007584 00000120 t parse_lsda_header(_Unwind_Context*, unsigned char const*, lsda_header_info*)
020076a4 00000138 t check_exception_spec(lsda_header_info*, std::type_info const*, void*, long)
020077dc 000008b4 T __gxx_personality_v0
02008090 00000020 T __cxxabiv1::__terminate(void (*)())
020080b0 00000018 T __cxxabiv1::__unexpected(void (*)())
020080c8 00000018 T std::get_terminate()
020080e0 00000018 T std::get_unexpected()
020080f8 00000080 t __gxx_exception_cleanup(_Unwind_Reason_Code, _Unwind_Exception*)
02008178 00000070 T __cxa_init_primary_exception
020081e8 00000068 T __cxa_throw
02008250 0000000c W __gnu_cxx::__concurrence_broadcast_error::what() const
0200825c 0000000c W __gnu_cxx::__concurrence_wait_error::what() const
02008268 00000028 t (anonymous namespace)::init()
02008290 00000024 t (anonymous namespace)::init_static_cond()
020082b4 00000010 W __gnu_cxx::__concurrence_wait_error::~__concurrence_wait_error()
020082b4 00000010 W __gnu_cxx::__concurrence_wait_error::~__concurrence_wait_error()
020082c4 00000040 W __gnu_cxx::__concurrence_wait_error::~__concurrence_wait_error()
02008304 00000010 W __gnu_cxx::__concurrence_broadcast_error::~__concurrence_broadcast_error()
02008304 00000010 W __gnu_cxx::__concurrence_broadcast_error::~__concurrence_broadcast_error()
02008314 00000040 W __gnu_cxx::__concurrence_broadcast_error::~__concurrence_broadcast_error()
02008354 000001a8 T __cxa_guard_acquire
020084fc 000000ac T __cxa_guard_release
020085a8 00000018 T std::get_new_handler()
020085c0 00000080 T operator new(unsigned int)
02008640 00000030 T operator new(unsigned int, std::nothrow_t const&)
02008670 00000010 T __cxxabiv1::__si_class_type_info::~__si_class_type_info()
02008670 00000010 T __cxxabiv1::__si_class_type_info::~__si_class_type_info()
02008680 00000040 T __cxxabiv1::__si_class_type_info::~__si_class_type_info()
020086c0 000001b8 T __cxxabiv1::__si_class_type_info::__do_dyncast(int, __cxxabiv1::__class_type_info::__sub_kind, __cxxabiv1::__class_type_info const*, void const*, __cxxabiv1::__class_type_info const*, void const*, __cxxabiv1::__class_type_info::__dyncast_result&) const
02008878 000000d4 T __cxxabiv1::__si_class_type_info::__do_find_public_src(int, void const*, __cxxabiv1::__class_type_info const*, void const*) const
0200894c 00000094 T __cxxabiv1::__si_class_type_info::__do_upcast(__cxxabiv1::__class_type_info const*, void const*, __cxxabiv1::__class_type_info::__upcast_result&) const
020089e0 00000004 T std::type_info::~type_info()
020089e0 00000004 T std::type_info::~type_info()
020089e4 00000008 T std::type_info::__is_pointer_p() const
020089e4 00000008 T std::type_info::__is_function_p() const
020089ec 00000008 T std::logic_error::what() const
020089ec 00000008 T std::runtime_error::what() const
020089f4 00000084 T std::logic_error::~logic_error()
020089f4 00000084 T std::logic_error::~logic_error()
02008a78 00000084 T std::length_error::~length_error()
02008a78 00000084 T std::length_error::~length_error()
02008afc 00000088 T std::logic_error::~logic_error()
02008b84 00000088 T std::length_error::~length_error()
02008c0c 000000dc W std::string::_Rep::_S_create(unsigned int, unsigned int, std::allocator<char> const&)
02008ce8 00000004 W std::string::_Rep::_M_destroy(std::allocator<char> const&)
02008cec 0000000c T std::bad_alloc::what() const
02008cf8 00000010 T std::bad_alloc::~bad_alloc()
02008cf8 00000010 T std::bad_alloc::~bad_alloc()
02008d08 00000040 T std::bad_alloc::~bad_alloc()
02008d48 00000004 T operator delete(void*)
02008d4c 000000c8 T __cxa_begin_catch
02008e14 000000c0 T __cxa_end_catch
02008ed4 00000068 t eh_globals_dtor(void*)
02008f3c 00000044 T __cxa_get_globals_fast
02008f80 00000090 T __cxa_get_globals
02009010 00000114 T std::logic_error::logic_error(char const*)
02009010 00000114 T std::logic_error::logic_error(char const*)
02009124 00000038 T std::length_error::length_error(char const*)
02009124 00000038 T std::length_error::length_error(char const*)
0200915c 00000428 T __divdi3
02009584 000003cc T __udivdi3
02009950 000001d0 t init_dwarf_reg_size_table
02009b20 000001fc t uw_install_context_1
02009d1c 0000018c t read_encoded_value
02009ea8 00000870 t execute_stack_op
0200a718 00000390 t uw_update_context_1
0200aaa8 00000954 t execute_cfa_program_specialized
0200b3fc 000009bc t execute_cfa_program_generic
0200bdb8 000004d8 t uw_frame_state_for
0200c290 000002d0 t uw_init_context_1
0200c560 000001cc t _Unwind_RaiseException_Phase2
0200c72c 000001f0 t _Unwind_ForcedUnwind_Phase2
0200c91c 00000064 T _Unwind_SetGR
0200c980 00000014 T _Unwind_GetIPInfo
0200c994 00000008 T _Unwind_SetIP
0200c99c 00000008 T _Unwind_GetLanguageSpecificData
0200c9a4 00000008 T _Unwind_GetRegionStart
0200c9ac 00000008 T _Unwind_GetDataRelBase
0200c9b4 00000008 T _Unwind_GetTextRelBase
0200c9bc 00000004 t _Unwind_DebugHook
0200c9c0 0000038c T _Unwind_RaiseException
0200cd4c 000001dc T _Unwind_Resume
0200cf28 0000001c T _Unwind_DeleteException
0200cf44 00000020 t fde_unencoded_compare
0200cf64 00000074 t fde_unencoded_extract
0200cfd8 00000110 t frame_downheap
0200d0e8 0000013c t read_encoded_value_with_base
0200d224 000002a4 t fde_radixsort
0200d4c8 00000118 t __deregister_frame_info_bases.part.0
0200d5e0 00000158 t get_cie_encoding
0200d738 000000fc t fde_mixed_encoding_extract
0200d834 0000020c t classify_object_over_fdes.constprop.0
0200da40 00000108 t fde_single_encoding_extract
0200db48 000000d0 t fde_single_encoding_compare
0200dc18 00000150 t fde_mixed_encoding_compare
0200dd68 000002c0 t add_fdes.isra.0
0200e028 00000360 t linear_search_fdes
0200e388 000006e4 t search_object
0200ea6c 00000088 T __register_frame_info
0200eaf4 00000020 T __deregister_frame_info
0200eb14 0000024c T _Unwind_Find_FDE
0200ed60 000001b8 T chdir
0200ef18 0000027c T _concatenate_path
0200f194 000000b4 t __dirnext
0200f248 00000168 T opendir
0200f3b0 000000d8 T closedir
0200f488 00000150 T readdir_r
0200f5d8 00000050 T readdir
0200f628 000000b8 T fsync
0200f6e0 000000b4 T __release_handle
0200f794 0000010c T __alloc_handle
0200f8a0 00000060 T __get_handle
0200f900 00000168 T _close_r
0200fa68 00000008 t null_write
0200fa70 00000018 T setDefaultDevice
0200fa88 00000108 T FindDevice
0200fb90 00000040 T RemoveDevice
0200fbd0 000000f4 T AddDevice
0200fcc4 00000080 T pthread_mutex_lock
0200fd44 00000080 T pthread_mutex_unlock
0200fdc4 00000018 T pthread_cond_broadcast
0200fddc 00000064 T pthread_cond_wait
0200fe40 000000fc T pthread_once
0200ff3c 0000002c T pthread_key_create
0200ff68 0000001c T pthread_setspecific
0200ff84 0000001c T pthread_getspecific
0200ffa0 0000001c T pthread_key_delete
0200ffbc 00000014 T __libc_lock_acquire
0200ffd0 00000014 T __libc_lock_release
0200ffe4 00000014 T __libc_lock_acquire_recursive
0200fff8 00000014 T __libc_lock_release_recursive
0201000c 0000001c T __libc_cond_broadcast
02010028 0000001c T __libc_cond_wait
02010044 0000001c T __libc_cond_wait_recursive
02010060 00000038 T getenv
02010098 0000014c T memcpy
020101e4 00000080 T strlen
02010264 000000a8 T open
0201030c 00000030 T close
0201033c 0000008c T strcpy
020103c8 00000040 T memalign
02010408 00000130 T snprintf
02010538 00000148 T memchr
02010680 00000218 t _strtoul_l.isra.0
02010898 00000064 T strtoul
020108fc 00000154 T strchr
02010a50 00000124 T memcmp
02010b74 00000020 T __errno
02010b94 00000180 T memset
02010d14 00000104 T strncpy
02010e18 0000009c T strcmp
02010eb4 00000058 T malloc
02010f0c 00000030 T free
02010f3c 00000078 T strrchr
02010fb4 00000050 T write
02011004 0000013c T _findenv_r
02011140 00000254 T memmove
02011394 00000030 T strdup
020113c4 0000010c T _reclaim_reent
020114d0 00000050 T read
02011520 000007bc t get_arg
02011cdc 000039f8 T _svfprintf_r
020156d4 00000014 T atexit
020156e8 00000040 T stat
02015728 000000c0 T strnlen
020157e8 000000c8 T strncmp
020158b0 00000030 T unlink
020158e0 00000090 T frexp
02015970 0000000c T __env_lock
0201597c 0000000c T __env_unlock
02015988 00000070 T _strdup_r
020159f8 00000104 T _wcrtomb_r
02015afc 0000010c T __ssprint_r
02015c08 0000004c T __locale_mb_cur_max
02015c54 00000340 t quorem
02015f94 00001720 T _dtoa_r
020176b4 00000010 T _wcsrtombs_r
020176c4 000000f4 T __register_exitproc
020177b8 0000004c T _localeconv_r
02017804 00000194 T __ssputs_r
02017998 00000108 T __utf8_wctomb
02017aa0 000001e4 T _wcsnrtombs_l
02017c84 000000d8 T _wcsnrtombs_r
02017d5c 000000f4 T _Balloc
02017e50 00000024 T _Bfree
02017e74 00000174 T __multadd
02017fe8 00000098 T __hi0bits
02018080 0000010c T __lo0bits
0201818c 00000108 T __i2b
02018294 00000338 T __multiply
020185cc 0000019c T __pow5mult
02018768 0000026c T __lshift
020189d4 000000dc T __mcmp
02018ab0 00000314 T __mdiff
02018dc4 00000194 T __d2b
02018f58 00000604 T __utf8_mbtowc
0201955c 0000012c T _open_r
02019688 000000d8 T _read_r
02019760 000000c0 T _stat_r
02019820 000000ac T _unlink_r
020198cc 000000d8 T _write_r
020199a4 00000384 T __umoddi3
02019d28 00000058 T _restgpr_14_x
02019d2c 00000054 T _restgpr_15_x
02019d30 00000050 T _restgpr_16_x
02019d34 0000004c T _restgpr_17_x
02019d38 00000048 T _restgpr_18_x
02019d3c 00000044 T _restgpr_19_x
02019d40 00000040 T _restgpr_20_x
02019d44 0000003c T _restgpr_21_x
02019d48 00000038 T _restgpr_22_x
02019d4c 00000034 T _restgpr_23_x
02019d50 00000030 T _restgpr_24_x
02019d54 0000002c T _restgpr_25_x
02019d58 00000028 T _restgpr_26_x
02019d5c 00000024 T _restgpr_27_x
02019d60 00000020 T _restgpr_28_x
02019d64 0000001c T _restgpr_29_x
02019d68 00000018 T _restgpr_30_x
02019d6c 00000014 T _restgpr_31_x
02019d80 t __do_global_ctors_aux
02019dd0 T __fini
100005d0 d .LC2
100006f8 00000004 d sReentPluginId
100006fc 00000080 d __wut_fsa_devoptab
1000077c 00000042 d CSWTCH.24
100007c0 00000022 V typeinfo name for __cxxabiv1::__class_type_info
100007e4 0000000c V typeinfo for __cxxabiv1::__class_type_info
100007f0 0000002c V vtable for __cxxabiv1::__class_type_info
1000081c 00000027 V typeinfo name for __gnu_cxx::__concurrence_lock_error
10000844 0000000c V typeinfo for __gnu_cxx::__concurrence_lock_error
10000850 00000029 V typeinfo name for __gnu_cxx::__concurrence_unlock_error
1000087c 0000000c V typeinfo for __gnu_cxx::__concurrence_unlock_error
10000888 00000014 V vtable for __gnu_cxx::__concurrence_lock_error
1000089c 00000014 V vtable for __gnu_cxx::__concurrence_unlock_error
100008b0 0000000d V typeinfo name for std::exception
100008c0 00000020 V typeinfo name for __cxxabiv1::__forced_unwind
100008e0 00000024 V typeinfo name for __cxxabiv1::__foreign_exception
10000938 0000002c V typeinfo name for __gnu_cxx::__concurrence_broadcast_error
10000964 0000000c V typeinfo for __gnu_cxx::__concurrence_broadcast_error
10000970 00000027 V typeinfo name for __gnu_cxx::__concurrence_wait_error
10000998 0000000c V typeinfo for __gnu_cxx::__concurrence_wait_error
100009a4 00000014 V vtable for __gnu_cxx::__concurrence_broadcast_error
100009b8 00000014 V vtable for __gnu_cxx::__concurrence_wait_error
100009cc 00000025 V typeinfo name for __cxxabiv1::__si_class_type_info
100009f4 0000000c V typeinfo for __cxxabiv1::__si_class_type_info
10000a00 0000002c V vtable for __cxxabiv1::__si_class_type_info
10000a2c 0000000d V typeinfo name for std::type_info
10000a3c 00000010 V typeinfo name for std::logic_error
10000a4c 0000000c V typeinfo for std::logic_error
10000a58 00000011 V typeinfo name for std::length_error
10000a6c 0000000c V typeinfo for std::length_error
10000a78 00000014 V vtable for std::logic_error
10000a8c 00000014 V vtable for std::length_error
10000aa0 0000000d V typeinfo name for std::bad_alloc
10000ab0 0000000c V typeinfo for std::bad_alloc
10000abc 00000014 V vtable for std::bad_alloc
10000f6c 00000008 d terminator.0
10000f74 00000080 D dotab_stdnull
1000124c 00000010 d zeroes.0
1000125c 00000010 d blanks.1
100012c0 00000101 D _ctype_
100013c4 0000006c D __action_table
10001430 0000006c D __state_table
1000149c 00000100 D __chclass
1000159c 0000000c d p05.0
100015a8 00000028 D __mprec_bigtens
100015d0 000000c8 D __mprec_tens
10001864 d __CTOR_LIST__
1000186c D __CTOR_LIST__
10001874 d __CTOR_END__
10001874 D __CTOR_END__
10001878 d __DTOR_LIST__
1000187c D __DTOR_LIST__
10001884 D __DTOR_END__
10001888 d __EH_FRAME_BEGIN__
10001888 D __EH_FRAME_BEGIN__
10005ca4 D __EH_FRAME_END__
10005ca4 d __FRAME_END__
10005ca8 00000004 d sConfigPluginIdentifier
10005cac 00000004 d sConfigAPIVersion
10005cb0 00000028 d __internal_functions
10005cd8 00000400 d _current_working_directory
100060d8 00001000 d handles
100070d8 0000000c d __stderr_handle
100070e4 0000000c d __stdout_handle
100070f0 0000000c d __stdin_handle
100070fc 0000008c D devoptab_list
10007188 00000004 d defaultDevice
10007190 00000200 D _impure_data
10007390 00000254 D __global_locale
100075e4 00000008 V typeinfo for std::exception
100075ec 00000008 V typeinfo for __cxxabiv1::__forced_unwind
100075f4 00000008 V typeinfo for __cxxabiv1::__foreign_exception
100075fc 00000004 D __cxxabiv1::__unexpected_handler
10007600 00000001 D std::nothrow
10007604 00000008 V typeinfo for std::type_info
1000760c 00000004 D __cxxabiv1::__terminate_handler
10007610 00000004 D _impure_ptr
10007614 00000004 D environ
10007620 00000004 B __wut_exit
10007624 00000001 B __eh_globals_init::_S_init
10007628 00000004 B __atexit
1000762c 00000008 B __atexit_recursive_mutex
10007634 b completed.2
10007638 b dtor_idx.1
1000763c b object.0
10007658 00000100 b pendingClientPath
10007758 00001000 b workerStack
10008758 000006a0 b workerThread
10008df8 0000000c b GetDetectedClients()::instance
10008e08 00000008 b guard variable for GetDetectedClients()::instance
10008e10 00000038 b __internal_functions
10008e48 00000001 b sConfigLibInitDone
10008e4c 00000004 b sAPIMenuGetStatus
10008e50 00000004 b sAPIItemDestroy
10008e54 00000004 b sAPIItemCreateEx
10008e58 00000004 b sAPICategoryAddItem
10008e5c 00000004 b sAPICategoryAddCategory
10008e60 00000004 b sAPICategoryDestroy
10008e64 00000004 b sAPICategoryCreateEx
10008e68 00000004 b sAPIInitEx
10008e6c 00000004 b sAPIGetVersion
10008e70 00000004 b sModuleHandle
10008e74 00000004 b __wut_socket_devoptab_added
10008e78 00000008 b __internal_functions
10008e80 00000004 b sHeapSize
10008e84 00000004 b sHeapMaxSize
10008e88 00000004 b sHeapBase
10008e8c 00000004 b sHeapHandle
10008e90 00000010 b sMallocSpinLock
10008ea0 00000010 b sSyncSpinLock
10008eb0 000003b8 B __wut_fsa_device_data
10009268 00000018 b (anonymous namespace)::emergency_pool
10009280 00000004 b (anonymous namespace)::get_static_cond()::once
10009284 00000008 b (anonymous namespace)::fake_cond
1000928c 00000004 b (anonymous namespace)::static_cond
10009290 00000004 b (anonymous namespace)::get_static_mutex()::once
10009294 0000000c b (anonymous namespace)::fake_mutex
100092a0 00000004 b (anonymous namespace)::static_mutex
100092a4 00000004 b (anonymous namespace)::__new_handler
100092a8 00000010 V std::string::_Rep::_S_empty_rep_storage
100092b8 00000004 b init
100092bc 00000008 b (anonymous namespace)::eh_globals
100092c4 00000004 b once_regsizes.0
100092c8 00000070 b dwarf_reg_size_table
10009338 0000000c b object_mutex
10009344 00000004 b seen_objects
10009348 00000004 b unseen_objects
1000934c 00000400 b temp_cwd
1000974c 00000004 b __hndl_lock
10009750 00000004 b __pthread_once_cv
10009754 00000004 b __pthread_once_lock
10009758 00000150 B __sf
100098a8 00000008 b __env_recursive_mutex
100098b0 00000004 b initial_env
100098b4 00000190 B __atexit0
10009a44 0000009b R wups_meta_info_linking_order
10009ae0 0000001e R wups_meta_storage_id
10009b00 0000000e R wups_meta_license
10009b10 0000000e R wups_meta_author
10009b20 0000000f R wups_meta_version
10009b30 00000040 R wups_meta_description
10009b70 0000004b R wups_meta_info_dump
10009bbc 00000016 R wups_meta_plugin_name
10009bd4 00000024 R wups_meta_buildtimestamp
10009bf8 0000000b R wups_meta_wups
10009c04 0000001b R wups_meta_name
10009c20 00000008 R wups_hooks_init_plugin
10009c28 00000008 R wups_hooks_on_fini_wut_devoptab
10009c30 00000008 R wups_hooks_on_init_wut_devoptab
10009c38 00000008 R wups_hooks_init_storage
10009c40 00000008 R wups_hooks_wups_init_reent_functions
10009c48 00000008 R wups_hooks_wups_init_button_combo_functions
10009c50 00000008 R wups_hooks_wups_init_config_functions
10009c58 00000008 R wups_hooks___fini_wrapper
10009c60 00000008 R wups_hooks___init_wrapper
10009c68 00000008 R wups_hooks_on_init_wut_thread
10009c70 00000008 R wups_hooks_on_fini_wut_stdcpp
10009c78 00000008 R wups_hooks_on_init_wut_stdcpp
10009c80 00000008 R wups_hooks_on_fini_wut_newlib
10009c88 00000008 R wups_hooks_on_init_wut_newlib
10009c90 00000008 R wups_hooks_on_fini_wut_sockets
10009c98 00000008 R wups_hooks_on_init_wut_sockets
10009ca0 00000008 R wups_hooks_on_fini_wut_malloc
10009ca8 00000008 R wups_hooks_on_init_wut_malloc
c0000038 T FSAAddClient
c0000040 T FSAChangeDir
c0000048 T FSAChangeMode
c0000050 T FSACloseDir
c0000058 T FSACloseFile
c0000060 T FSADelClient
c0000068 T FSAFlushFile
c0000070 T FSAGetDeviceInfo
c0000078 T FSAGetFreeSpaceSize
c0000080 T FSAGetStat
c0000088 T FSAGetStatFile
c0000090 T FSAInit
c0000098 T FSAMakeDir
c00000a0 T FSAMount
c00000a8 T FSAOpenDir
c00000b0 T FSAOpenFileEx
c00000b8 T FSAReadDir
c00000c0 T FSAReadFile
c00000c8 T FSARemove
c00000d0 T FSARename
c00000d8 T FSARewindDir
c00000e0 T FSASetPosFile
c00000e8 T FSATruncateFile
c00000f0 T FSAUnmount
c00000f8 T FSAWriteFile
c0000100 T MEMFreeToExpHeap
c0000108 T MEMGetSizeForMBlockExpHeap
c0000110 T OSCancelAlarm
c0000118 T OSCreateAlarm
c0000120 T OSCreateThread
c0000128 T OSDynLoad_Acquire
c0000130 T OSDynLoad_FindExport
c0000138 T OSFastCond_Init
c0000140 T OSFastCond_Signal
c0000148 T OSFastCond_Wait
c0000150 T OSFastMutex_Init
c0000158 T OSFastMutex_Lock
c0000160 T OSFastMutex_Unlock
c0000168 T OSFatal
c0000170 T OSGetAlarmUserData
c0000178 T OSGetCurrentThread
c0000180 T OSGetSystemInfo
c0000188 T OSInitMutexEx
c0000190 T OSInitSpinLock
c0000198 T OSLaunchTitlev
c00001a0 T OSLockMutex
c00001a8 T OSReport
c00001b0 T OSResumeThread
c00001b8 T OSSetAlarm
c00001c0 T OSSetAlarmUserData
c00001c8 T OSSleepTicks
c00001d0 T OSUninterruptibleSpinLock_Acquire
c00001d8 T OSUninterruptibleSpinLock_Release
c00001e0 T OSUnlockMutex
c00001e8 T __rplwrap_exit
c0000208 R MEMAllocFromDefaultHeap
c0000210 R MEMAllocFromDefaultHeapEx
c0000218 R MEMFreeToDefaultHeap
